Microchip MPLAB XC8 Compiler V2.50

Linker command line:

-W-3 \
  --edf=C:\Program Files\Microchip\xc8\v2.50\pic\dat\20240725155939_en.msgs \
  -pivt0x8=08h -cn -h+dist/default/debug\nRF24_code.X.debug.sym \
  --cmf=dist/default/debug\nRF24_code.X.debug.cmf -z -Q18F57Q43 \
  -oC:\Users\KACPER~1\AppData\Local\Temp\xcAs194.\driver_tmp_3.o \
  --defsym=__MPLAB_BUILD=1 --fixupoverflow=error \
  -Mdist/default/debug/nRF24_code.X.debug.map \
  --md=C:\Users\KACPER~1\AppData\Local\Temp\xcAs194.\driver_tmp_0.dat -E1 \
  -ver=XC8 Compiler --acfsm=1493 -ACODE=00h-01FFFFh -ACONST=00h-01FFFFh \
  -ASMALLCONST=02600h-026FFhx474 \
  -AMEDIUMCONST=02600h-0FFFFh,012600h-01FFFFh -ACOMRAM=0501h-055Fh \
  -AABS1=0500h-024FFh -ABIGRAM=0501h-024FFh \
  -ARAM=0560h-05FFh,0600h-06FFhx31 -ABANK5=0560h-05FFh -ABANK6=0600h-06FFh \
  -ABANK7=0700h-07FFh -ABANK8=0800h-08FFh -ABANK9=0900h-09FFh \
  -ABANK10=0A00h-0AFFh -ABANK11=0B00h-0BFFh -ABANK12=0C00h-0CFFh \
  -ABANK13=0D00h-0DFFh -ABANK14=0E00h-0EFFh -ABANK15=0F00h-0FFFh \
  -ABANK16=01000h-010FFh -ABANK17=01100h-011FFh -ABANK18=01200h-012FFh \
  -ABANK19=01300h-013FFh -ABANK20=01400h-014FFh -ABANK21=01500h-015FFh \
  -ABANK22=01600h-016FFh -ABANK23=01700h-017FFh -ABANK24=01800h-018FFh \
  -ABANK25=01900h-019FFh -ABANK26=01A00h-01AFFh -ABANK27=01B00h-01BFFh \
  -ABANK28=01C00h-01CFFh -ABANK29=01D00h-01DFFh -ABANK30=01E00h-01EFFh \
  -ABANK31=01F00h-01FFFh -ABANK32=02000h-020FFh -ABANK33=02100h-021FFh \
  -ABANK34=02200h-022FFh -ABANK35=02300h-023FFh -ABANK36=02400h-024FFh \
  -ASFR=00h-0FFhx4,0400h-045Fh,0460h-04FFh,02500h-025FFh \
  -ABIGSFR=00h-04FFh,02500h-025FFh -ACONFIG=0300000h-0300011h \
  -AIDLOC=0200000h-020003Fh -AEEDATA=0380000h-03803FFh -peeprom_data=EEDATA \
  -preset_vec=00h -ppowerup=CODE,init -pramtop=02600h \
  -psmallconst=SMALLCONST -pmediumconst=MEDIUMCONST -pconst=CONST \
  -AFARRAM=00h-00h \
  -prdata=COMRAM,nvrram=COMRAM,nvbit=COMRAM,rbss=COMRAM,rbit=COMRAM \
  -pfarbss=FARRAM,fardata=FARRAM,nvFARRAM=FARRAM \
  -pintsave_regs=BIGRAM,bigbss=BIGRAM,bigdata=BIGRAM -pbss=RAM \
  -pidata=CODE,irdata=CODE,ibigdata=CODE,ifardata=CODE -prparam=COMRAM \
  C:\Users\KACPER~1\AppData\Local\Temp\xcAs194.\driver_tmp_9.o \
  dist/default/debug\nRF24_code.X.debug.o 

Object code version is 3.11

Machine type is 18F57Q43



                Name                               Link     Load   Length Selector   Space Scale
C:\Users\KACPER~1\AppData\Local\Temp\xcAs194.\driver_tmp_9.o
                config                           300000   300000        A        0       4
                init                                 1A       1A        4        4       0
                reset_vec                             0        0        4        0       0
dist/default/debug\nRF24_code.X.debug.o
                config                           300000   300000        A        0       4
                smallconst                         2600     2600       3C     1300       0
                ivt0x8                                8        8       12        4       0
                text37                             2F9E     2F9E       16     131E       0
                text36                             3044     3044        6     180E       0
                text35                             2A82     2A82       84     131E       0
                text34                             2EAA     2EAA       32     131E       0
                text33                             304A     304A        4     180E       0
                text32                             2E78     2E78       32     131E       0
                text31                             2B7A     2B7A       66     131E       0
                text30                             2C40     2C40       60     131E       0
                text29                             303E     303E        6     180E       0
                text28                             3038     3038        6     180E       0
                text27                             301C     301C        A     180E       0
                text26                             2E46     2E46       32     131E       0
                text25                             277C     277C       EA     131E       0
                text24                             3032     3032        6     180E       0
                text23                             302C     302C        6     180E       0
                text22                             3000     3000        E     131E       0
                text21                             2FF2     2FF2        E     131E       0
                text20                             2DD2     2DD2       3C     131E       0
                text19                             2866     2866       D4     131E       0
                text18                             2BE0     2BE0       60     131E       0
                text17                             2FB4     2FB4       14     131E       0
                text16                             2FE4     2FE4        E     131E       0
                text15                             2FD6     2FD6        E     131E       0
                text14                             2FC8     2FC8        E     131E       0
                text13                             2D4C     2D4C       44     131E       0
                text12                             293A     293A       A6     131E       0
                text11                             2F28     2F28       22     131E       0
                text10                             2F88     2F88       16     131E       0
                text9                              3026     3026        6     180E       0
                text8                              2CF6     2CF6       56     131E       0
                text7                              2E0E     2E0E       38     131E       0
                text6                              2CA0     2CA0       56     131E       0
                text5                              2EDC     2EDC       28     131E       0
                text4                              2F04     2F04       24     131E       0
                text3                              2D90     2D90       42     131E       0
                text2                              29E0     29E0       A2     131E       0
                text1                              2F6A     2F6A       1E     131E       0
                text0                              263C     263C      140     131E       0
                cstackCOMRAM                        521      521       18      501       1
                bssBIGRAM                           580      580      7E0      580       1
                dataBANK5                           560      560       20      560       1
                dataCOMRAM                          548      548        D      501       1
                bssCOMRAM                           501      501       20      501       1
                cinit                              2B06     2B06       74     131E       0
                nvCOMRAM                            539      539        F      501       1
                idataBANK5                         2F4A     2F4A       20     131E       0
                idataCOMRAM                        300E     300E        D     131E       0

TOTAL           Name                               Link     Load   Length     Space
        CLASS   CODE           
                init                                 1A       1A        4         0
                reset_vec                             0        0        4         0
                ivt0x8                                8        8       12         0
                text37                             2F9E     2F9E       16         0
                text36                             3044     3044        6         0
                text35                             2A82     2A82       84         0
                text34                             2EAA     2EAA       32         0
                text33                             304A     304A        4         0
                text32                             2E78     2E78       32         0
                text31                             2B7A     2B7A       66         0
                text30                             2C40     2C40       60         0
                text29                             303E     303E        6         0
                text28                             3038     3038        6         0
                text27                             301C     301C        A         0
                text26                             2E46     2E46       32         0
                text25                             277C     277C       EA         0
                text24                             3032     3032        6         0
                text23                             302C     302C        6         0
                text22                             3000     3000        E         0
                text21                             2FF2     2FF2        E         0
                text20                             2DD2     2DD2       3C         0
                text19                             2866     2866       D4         0
                text18                             2BE0     2BE0       60         0
                text17                             2FB4     2FB4       14         0
                text16                             2FE4     2FE4        E         0
                text15                             2FD6     2FD6        E         0
                text14                             2FC8     2FC8        E         0
                text13                             2D4C     2D4C       44         0
                text12                             293A     293A       A6         0
                text11                             2F28     2F28       22         0
                text10                             2F88     2F88       16         0
                text9                              3026     3026        6         0
                text8                              2CF6     2CF6       56         0
                text7                              2E0E     2E0E       38         0
                text6                              2CA0     2CA0       56         0
                text5                              2EDC     2EDC       28         0
                text4                              2F04     2F04       24         0
                text3                              2D90     2D90       42         0
                text2                              29E0     29E0       A2         0
                text1                              2F6A     2F6A       1E         0
                text0                              263C     263C      140         0
                cinit                              2B06     2B06       74         0
                idataBANK5                         2F4A     2F4A       20         0
                idataCOMRAM                        300E     300E        D         0

        CLASS   CONST          

        CLASS   SMALLCONST     
                smallconst                         2600     2600       3C         0

        CLASS   MEDIUMCONST    

        CLASS   COMRAM         
                cstackCOMRAM                        521      521       18         1
                dataCOMRAM                          548      548        D         1
                bssCOMRAM                           501      501       20         1
                nvCOMRAM                            539      539        F         1

        CLASS   ABS1           

        CLASS   BIGRAM         
                bssBIGRAM                           580      580      7E0         1

        CLASS   RAM            

        CLASS   BANK5          
                dataBANK5                           560      560       20         1

        CLASS   BANK6          

        CLASS   BANK7          

        CLASS   BANK8          

        CLASS   BANK9          

        CLASS   BANK10         

        CLASS   BANK11         

        CLASS   BANK12         

        CLASS   BANK13         

        CLASS   BANK14         

        CLASS   BANK15         

        CLASS   BANK16         

        CLASS   BANK17         

        CLASS   BANK18         

        CLASS   BANK19         

        CLASS   BANK20         

        CLASS   BANK21         

        CLASS   BANK22         

        CLASS   BANK23         

        CLASS   BANK24         

        CLASS   BANK25         

        CLASS   BANK26         

        CLASS   BANK27         

        CLASS   BANK28         

        CLASS   BANK29         

        CLASS   BANK30         

        CLASS   BANK31         

        CLASS   BANK32         

        CLASS   BANK33         

        CLASS   BANK34         

        CLASS   BANK35         

        CLASS   BANK36         

        CLASS   SFR            

        CLASS   BIGSFR         

        CLASS   CONFIG         
                config                           300000   300000        A         4

        CLASS   IDLOC          

        CLASS   EEDATA         

        CLASS   FARRAM         

        CLASS   HEAP           

        CLASS   STACK          



SEGMENTS        Name                           Load    Length   Top    Selector   Space  Class

                reset_vec                      000000  000004  000004         0       0  CODE    
                ivt0x8                         000008  000016  00001E         4       0  CODE    
                bssCOMRAM                      000501  000054  000555       501       1  COMRAM  
                dataBANK5                      000560  000020  000580       560       1  BANK5   
                bssBIGRAM                      000580  0007E0  000D60       580       1  BIGRAM  
                smallconst                     002600  00003C  00263C      1300       0  SMALLCON
                text0                          00263C  0009DF  00301B      131E       0  CODE    
                text27                         00301C  000032  00304E      180E       0  CODE    


UNUSED ADDRESS RANGES

        Name                Unused          Largest block    Delta
        BANK13           000D60-000DFF               A0
        BANK14           000E00-000EFF              100
        BANK15           000F00-000FFF              100
        BANK16           001000-0010FF              100
        BANK17           001100-0011FF              100
        BANK18           001200-0012FF              100
        BANK19           001300-0013FF              100
        BANK20           001400-0014FF              100
        BANK21           001500-0015FF              100
        BANK22           001600-0016FF              100
        BANK23           001700-0017FF              100
        BANK24           001800-0018FF              100
        BANK25           001900-0019FF              100
        BANK26           001A00-001AFF              100
        BANK27           001B00-001BFF              100
        BANK28           001C00-001CFF              100
        BANK29           001D00-001DFF              100
        BANK30           001E00-001EFF              100
        BANK31           001F00-001FFF              100
        BANK32           002000-0020FF              100
        BANK33           002100-0021FF              100
        BANK34           002200-0022FF              100
        BANK35           002300-0023FF              100
        BANK36           002400-0024FF              100
        BIGRAM           000555-00055F                B
                         000D60-0024FF             17A0
        BIGSFR           000000-0004FF              500
                         002500-0025FF              100
        CODE             000004-000007                4
                         00001E-0025FF             25E2
                         00301B-00301B                1
                         00304E-01FFFF            1CFB2
        COMRAM           000555-00055F                B
        CONFIG           30000A-300011                8
        CONST            000004-000007                4
                         00001E-0025FF             25E2
                         00301B-00301B                1
                         00304E-01FFFF            1CFB2
        EEDATA           380000-3803FF              400
        IDLOC            200000-20003F               40
        MEDIUMCONST      00301B-00301B                1
                         00304E-00FFFF             CFB2
                         012600-01FFFF             DA00
        RAM              000D60-0024FF              100
        SFR              000000-0004FF              100
                         002500-0025FF              100
        SMALLCONST       00301B-00301B                1
                         00304E-01FFFF              100

                                  Symbol Table

?_ADC_ConversionResultGet                                 cstackCOMRAM 000521
INT0_SetInterruptHandler@InterruptHandler                 cstackCOMRAM 000529
INT1_SetInterruptHandler@InterruptHandler                 cstackCOMRAM 000529
INT2_SetInterruptHandler@InterruptHandler                 cstackCOMRAM 000529
IVTBASEH                                                  (abs)        00045E
IVTBASEL                                                  (abs)        00045D
IVTBASEU                                                  (abs)        00045F
PIN_MANAGER_IOC@temp                                      cstackCOMRAM 000521
SPI1_BufferExchange@bufferData                            cstackCOMRAM 000529
SPI1_BufferExchange@bufferInput                           cstackCOMRAM 00052D
SPI1_BufferExchange@bufferSize                            cstackCOMRAM 00052B
SPI1_BufferWrite@bufferData                               cstackCOMRAM 000529
SPI1_BufferWrite@bufferInput                              cstackCOMRAM 00052D
SPI1_BufferWrite@bufferSize                               cstackCOMRAM 00052B
SPI1_ByteWrite@byteData                                   cstackCOMRAM 000529
SPI1_Open@spiConfigIndex                                  cstackCOMRAM 00052B
SPI1_RxCompleteCallbackRegister@rxCompleteCallbackHandler cstackCOMRAM 000529
SPI1_TxCompleteCallbackRegister@txCompleteCallbackHandler cstackCOMRAM 000529
_ACTCON                                                   (abs)        0000AC
_ADACCH                                                   (abs)        0003E4
_ADACCL                                                   (abs)        0003E3
_ADACCU                                                   (abs)        0003E5
_ADACQH                                                   (abs)        0003EF
_ADACQL                                                   (abs)        0003EE
_ADACT                                                    (abs)        0003F9
_ADCAP                                                    (abs)        0003F0
_ADCLK                                                    (abs)        0003FA
_ADCNT                                                    (abs)        0003E6
_ADCON0                                                   (abs)        0003F3
_ADCON0bits                                               (abs)        0003F3
_ADCON1                                                   (abs)        0003F4
_ADCON1bits                                               (abs)        0003F4
_ADCON2                                                   (abs)        0003F5
_ADCON2bits                                               (abs)        0003F5
_ADCON3                                                   (abs)        0003F6
_ADCON3bits                                               (abs)        0003F6
_ADCP                                                     (abs)        0003D8
_ADCPbits                                                 (abs)        0003D8
_ADC_ConversionDoneCallback                               nvCOMRAM     000545
_ADC_ConversionResultGet                                  text37       002F9E
_ADC_ConversionStart                                      text24       003032
_ADC_Enable                                               text23       00302C
_ADC_ISR                                                  text34       002EAA
_ADC_Initialize                                           text18       002BE0
_ADC_ThresholdCallback                                    bssCOMRAM    000510
_ADC_ThresholdISR                                         text33       00304A
_ADERRH                                                   (abs)        0003DE
_ADERRL                                                   (abs)        0003DD
_ADFLTRH                                                  (abs)        0003E2
_ADFLTRL                                                  (abs)        0003E1
_ADLTHH                                                   (abs)        0003DA
_ADLTHL                                                   (abs)        0003D9
_ADPCH                                                    (abs)        0003EC
_ADPREH                                                   (abs)        0003F2
_ADPREL                                                   (abs)        0003F1
_ADPREVH                                                  (abs)        0003E9
_ADPREVL                                                  (abs)        0003E8
_ADREF                                                    (abs)        0003F8
_ADRESH                                                   (abs)        0003EB
_ADRESL                                                   (abs)        0003EA
_ADRPT                                                    (abs)        0003E7
_ADSTAT                                                   (abs)        0003F7
_ADSTATbits                                               (abs)        0003F7
_ADSTPTH                                                  (abs)        0003E0
_ADSTPTL                                                  (abs)        0003DF
_ADUTHH                                                   (abs)        0003DC
_ADUTHL                                                   (abs)        0003DB
_ANSELA                                                   (abs)        000400
_ANSELAbits                                               (abs)        000400
_ANSELB                                                   (abs)        000408
_ANSELBbits                                               (abs)        000408
_ANSELC                                                   (abs)        000410
_ANSELD                                                   (abs)        000418
_ANSELE                                                   (abs)        000420
_ANSELF                                                   (abs)        000428
_CLOCK_Initialize                                         text17       002FB4
_INLVLA                                                   (abs)        000404
_INLVLB                                                   (abs)        00040C
_INLVLC                                                   (abs)        000414
_INLVLD                                                   (abs)        00041C
_INLVLE                                                   (abs)        000424
_INLVLF                                                   (abs)        00042C
_INT0_DefaultInterruptHandler                             (abs)        000000
_INT0_InterruptHandler                                    nvCOMRAM     000542
_INT0_SetInterruptHandler                                 text16       002FE4
_INT1_DefaultInterruptHandler                             (abs)        000000
_INT1_InterruptHandler                                    nvCOMRAM     00053F
_INT1_SetInterruptHandler                                 text15       002FD6
_INT2_DefaultInterruptHandler                             (abs)        000000
_INT2_InterruptHandler                                    nvCOMRAM     00053C
_INT2_SetInterruptHandler                                 text14       002FC8
_INTCON0bits                                              (abs)        0004D6
_INTERRUPT_Initialize                                     text13       002D4C
_INTERRUPT_InterruptManager                               text25       00277C
_IOCAF                                                    (abs)        000407
_IOCAN                                                    (abs)        000406
_IOCAP                                                    (abs)        000405
_IOCBF                                                    (abs)        00040F
_IOCBN                                                    (abs)        00040E
_IOCBNbits                                                (abs)        00040E
_IOCBP                                                    (abs)        00040D
_IOCCF                                                    (abs)        000417
_IOCCN                                                    (abs)        000416
_IOCCP                                                    (abs)        000415
_IOCEF                                                    (abs)        000427
_IOCEN                                                    (abs)        000426
_IOCEP                                                    (abs)        000425
_LATA                                                     (abs)        0004BE
_LATAbits                                                 (abs)        0004BE
_LATB                                                     (abs)        0004BF
_LATC                                                     (abs)        0004C0
_LATD                                                     (abs)        0004C1
_LATE                                                     (abs)        0004C2
_LATF                                                     (abs)        0004C3
_LATFbits                                                 (abs)        0004C3
_ODCONA                                                   (abs)        000402
_ODCONB                                                   (abs)        00040A
_ODCONC                                                   (abs)        000412
_ODCOND                                                   (abs)        00041A
_ODCONE                                                   (abs)        000422
_ODCONF                                                   (abs)        00042A
_OSCCON1                                                  (abs)        0000AD
_OSCCON3                                                  (abs)        0000AF
_OSCEN                                                    (abs)        0000B3
_OSCFRQ                                                   (abs)        0000B1
_OSCTUNE                                                  (abs)        0000B0
_PIE0bits                                                 (abs)        00049E
_PIE1bits                                                 (abs)        00049F
_PIE2bits                                                 (abs)        0004A0
_PIE3bits                                                 (abs)        0004A1
_PIN_MANAGER_IOC                                          text32       002E78
_PIN_MANAGER_Initialize                                   text12       00293A
_PIR0bits                                                 (abs)        0004AE
_PIR10bits                                                (abs)        0004B8
_PIR1bits                                                 (abs)        0004AF
_PIR2bits                                                 (abs)        0004B0
_PIR3bits                                                 (abs)        0004B1
_PIR6bits                                                 (abs)        0004B4
_RB1I2C                                                   (abs)        000289
_RB2I2C                                                   (abs)        000288
_RC3I2C                                                   (abs)        000287
_RC3PPS                                                   (abs)        000214
_RC4I2C                                                   (abs)        000286
_RC4PPS                                                   (abs)        000215
_RXPIPE0                                                  dataCOMRAM   000548
_SLRCONA                                                  (abs)        000403
_SLRCONB                                                  (abs)        00040B
_SLRCONC                                                  (abs)        000413
_SLRCOND                                                  (abs)        00041B
_SLRCONE                                                  (abs)        000423
_SLRCONF                                                  (abs)        00042B
_SPI1BAUD                                                 (abs)        000089
_SPI1CLK                                                  (abs)        00008C
_SPI1CON0                                                 (abs)        000084
_SPI1CON0bits                                             (abs)        000084
_SPI1CON1                                                 (abs)        000085
_SPI1CON1bits                                             (abs)        000085
_SPI1CON2                                                 (abs)        000086
_SPI1RXB                                                  (abs)        000080
_SPI1SCKPPS                                               (abs)        00026A
_SPI1SDIPPS                                               (abs)        00026B
_SPI1STATUSbits                                           (abs)        000087
_SPI1TCNTH                                                (abs)        000083
_SPI1TCNTL                                                (abs)        000082
_SPI1TXB                                                  (abs)        000081
_SPI1_BufferExchange                                      text8        002CF6
_SPI1_BufferRead                                          (abs)        000000
_SPI1_BufferWrite                                         text6        002CA0
_SPI1_ByteExchange                                        (abs)        000000
_SPI1_ByteRead                                            (abs)        000000
_SPI1_ByteWrite                                           text5        002EDC
_SPI1_Close                                               (abs)        000000
_SPI1_Deinitialize                                        (abs)        000000
_SPI1_Host                                                smallconst   002601
_SPI1_Initialize                                          text20       002DD2
_SPI1_IsRxReady                                           (abs)        000000
_SPI1_IsTxReady                                           (abs)        000000
_SPI1_Open                                                text19       002866
_SPI1_Receive_ISR                                         text31       002B7A
_SPI1_RxCompleteCallback                                  bssCOMRAM    00050D
_SPI1_RxCompleteCallbackRegister                          text22       003000
_SPI1_Transmit_ISR                                        text30       002C40
_SPI1_TxCompleteCallback                                  bssCOMRAM    00050A
_SPI1_TxCompleteCallbackRegister                          text21       002FF2
_SYSTEM_Initialize                                        text10       002F88
_T0CON0                                                   (abs)        00031A
_T0CON0bits                                               (abs)        00031A
_T0CON1                                                   (abs)        00031B
_TMR0H                                                    (abs)        000319
_TMR0L                                                    (abs)        000318
_TMR0_DefaultCallback                                     text27       00301C
_TMR0_ISR                                                 text26       002E46
_TMR0_Initialize                                          text11       002F28
_TMR0_PeriodMatchCallback                                 nvCOMRAM     000539
_TMR0_Start                                               text9        003026
_TMR0_Stop                                                text29       00303E
_TRISA                                                    (abs)        0004C6
_TRISAbits                                                (abs)        0004C6
_TRISB                                                    (abs)        0004C7
_TRISBbits                                                (abs)        0004C7
_TRISC                                                    (abs)        0004C8
_TRISCbits                                                (abs)        0004C8
_TRISD                                                    (abs)        0004C9
_TRISE                                                    (abs)        0004CA
_TRISF                                                    (abs)        0004CB
_TXPIPE0                                                  dataCOMRAM   000550
_WPUA                                                     (abs)        000401
_WPUB                                                     (abs)        000409
_WPUBbits                                                 (abs)        000409
_WPUC                                                     (abs)        000411
_WPUD                                                     (abs)        000419
_WPUE                                                     (abs)        000421
_WPUF                                                     (abs)        000429
__HRAM                                                    (abs)        000000
__H__absolute__                                           __absolute__ 000000
__Habs1                                                   abs1         000000
__Hbank10                                                 bank10       000000
__Hbank11                                                 bank11       000000
__Hbank12                                                 bank12       000000
__Hbank13                                                 bank13       000000
__Hbank14                                                 bank14       000000
__Hbank15                                                 bank15       000000
__Hbank16                                                 bank16       000000
__Hbank17                                                 bank17       000000
__Hbank18                                                 bank18       000000
__Hbank19                                                 bank19       000000
__Hbank20                                                 bank20       000000
__Hbank21                                                 bank21       000000
__Hbank22                                                 bank22       000000
__Hbank23                                                 bank23       000000
__Hbank24                                                 bank24       000000
__Hbank25                                                 bank25       000000
__Hbank26                                                 bank26       000000
__Hbank27                                                 bank27       000000
__Hbank28                                                 bank28       000000
__Hbank29                                                 bank29       000000
__Hbank30                                                 bank30       000000
__Hbank31                                                 bank31       000000
__Hbank32                                                 bank32       000000
__Hbank33                                                 bank33       000000
__Hbank34                                                 bank34       000000
__Hbank35                                                 bank35       000000
__Hbank36                                                 bank36       000000
__Hbank5                                                  bank5        000000
__Hbank6                                                  bank6        000000
__Hbank7                                                  bank7        000000
__Hbank8                                                  bank8        000000
__Hbank9                                                  bank9        000000
__Hbigbss                                                 bigbss       000000
__Hbigdata                                                bigdata      000000
__Hbigram                                                 bigram       000000
__Hbigsfr                                                 bigsfr       000000
__Hbss                                                    bss          000000
__HbssBIGRAM                                              bssBIGRAM    000000
__HbssCOMRAM                                              bssCOMRAM    000000
__Hcinit                                                  cinit        000000
__Hclrtext                                                clrtext      000000
__Hcomram                                                 comram       000000
__Hconfig                                                 config       30000A
__Hconst                                                  const        000000
__HcstackCOMRAM                                           cstackCOMRAM 000000
__Hdata                                                   data         000000
__HdataBANK5                                              dataBANK5    000000
__HdataCOMRAM                                             dataCOMRAM   000000
__Heeprom_data                                            eeprom_data  000000
__Hfarbss                                                 farbss       000000
__Hfardata                                                fardata      000000
__Hheap                                                   heap         000000
__Hibigdata                                               ibigdata     000000
__Hidata                                                  idata        000000
__HidataBANK5                                             idataBANK5   000000
__HidataCOMRAM                                            idataCOMRAM  000000
__Hidloc                                                  idloc        000000
__Hifardata                                               ifardata     000000
__Hinit                                                   init         00001E
__Hintsave_regs                                           intsave_regs 000000
__Hirdata                                                 irdata       000000
__Hivt0x8                                                 ivt0x8       00001A
__Hmediumconst                                            mediumconst  000000
__HnvCOMRAM                                               nvCOMRAM     000000
__HnvFARRAM                                               nvFARRAM     000000
__Hnvbit                                                  nvbit        000000
__Hnvrram                                                 nvrram       000000
__Hparam                                                  rparam       000000
__Hpowerup                                                powerup      000000
__Hram                                                    ram          000000
__Hramtop                                                 ramtop       002600
__Hrbit                                                   rbit         000000
__Hrbss                                                   rbss         000000
__Hrdata                                                  rdata        000000
__Hreset_vec                                              reset_vec    000004
__Hrparam                                                 rparam       000000
__Hsfr                                                    sfr          000000
__Hsmallconst                                             smallconst   00263C
__Hspace_0                                                (abs)        00304E
__Hspace_1                                                (abs)        000D60
__Hspace_2                                                (abs)        000000
__Hspace_4                                                (abs)        60000A
__Hstack                                                  stack        000000
__Hstruct                                                 struct       000000
__Htemp                                                   temp         000000
__Htext                                                   text         000000
__Htext0                                                  text0        000000
__Htext1                                                  text1        000000
__Htext10                                                 text10       000000
__Htext11                                                 text11       000000
__Htext12                                                 text12       000000
__Htext13                                                 text13       000000
__Htext14                                                 text14       000000
__Htext15                                                 text15       000000
__Htext16                                                 text16       000000
__Htext17                                                 text17       000000
__Htext18                                                 text18       000000
__Htext19                                                 text19       000000
__Htext2                                                  text2        000000
__Htext20                                                 text20       000000
__Htext21                                                 text21       000000
__Htext22                                                 text22       000000
__Htext23                                                 text23       000000
__Htext24                                                 text24       000000
__Htext25                                                 text25       000000
__Htext26                                                 text26       000000
__Htext27                                                 text27       000000
__Htext28                                                 text28       000000
__Htext29                                                 text29       000000
__Htext3                                                  text3        000000
__Htext30                                                 text30       000000
__Htext31                                                 text31       000000
__Htext32                                                 text32       000000
__Htext33                                                 text33       000000
__Htext34                                                 text34       000000
__Htext35                                                 text35       000000
__Htext36                                                 text36       000000
__Htext37                                                 text37       000000
__Htext4                                                  text4        000000
__Htext5                                                  text5        000000
__Htext6                                                  text6        000000
__Htext7                                                  text7        000000
__Htext8                                                  text8        000000
__Htext9                                                  text9        000000
__LRAM                                                    (abs)        000001
__L__absolute__                                           __absolute__ 000000
__Labs1                                                   abs1         000000
__Lbank10                                                 bank10       000000
__Lbank11                                                 bank11       000000
__Lbank12                                                 bank12       000000
__Lbank13                                                 bank13       000000
__Lbank14                                                 bank14       000000
__Lbank15                                                 bank15       000000
__Lbank16                                                 bank16       000000
__Lbank17                                                 bank17       000000
__Lbank18                                                 bank18       000000
__Lbank19                                                 bank19       000000
__Lbank20                                                 bank20       000000
__Lbank21                                                 bank21       000000
__Lbank22                                                 bank22       000000
__Lbank23                                                 bank23       000000
__Lbank24                                                 bank24       000000
__Lbank25                                                 bank25       000000
__Lbank26                                                 bank26       000000
__Lbank27                                                 bank27       000000
__Lbank28                                                 bank28       000000
__Lbank29                                                 bank29       000000
__Lbank30                                                 bank30       000000
__Lbank31                                                 bank31       000000
__Lbank32                                                 bank32       000000
__Lbank33                                                 bank33       000000
__Lbank34                                                 bank34       000000
__Lbank35                                                 bank35       000000
__Lbank36                                                 bank36       000000
__Lbank5                                                  bank5        000000
__Lbank6                                                  bank6        000000
__Lbank7                                                  bank7        000000
__Lbank8                                                  bank8        000000
__Lbank9                                                  bank9        000000
__Lbigbss                                                 bigbss       000000
__Lbigdata                                                bigdata      000000
__Lbigram                                                 bigram       000000
__Lbigsfr                                                 bigsfr       000000
__Lbss                                                    bss          000000
__LbssBIGRAM                                              bssBIGRAM    000000
__LbssCOMRAM                                              bssCOMRAM    000000
__Lcinit                                                  cinit        000000
__Lclrtext                                                clrtext      000000
__Lcomram                                                 comram       000000
__Lconfig                                                 config       000000
__Lconst                                                  const        000000
__LcstackCOMRAM                                           cstackCOMRAM 000000
__Ldata                                                   data         000000
__LdataBANK5                                              dataBANK5    000000
__LdataCOMRAM                                             dataCOMRAM   000000
__Leeprom_data                                            eeprom_data  000000
__Lfarbss                                                 farbss       000000
__Lfardata                                                fardata      000000
__Lheap                                                   heap         000000
__Libigdata                                               ibigdata     000000
__Lidata                                                  idata        000000
__LidataBANK5                                             idataBANK5   000000
__LidataCOMRAM                                            idataCOMRAM  000000
__Lidloc                                                  idloc        000000
__Lifardata                                               ifardata     000000
__Linit                                                   init         00001A
__Lintsave_regs                                           intsave_regs 000000
__Lirdata                                                 irdata       000000
__Livt0x8                                                 ivt0x8       000008
__Lmediumconst                                            mediumconst  000000
__LnvCOMRAM                                               nvCOMRAM     000000
__LnvFARRAM                                               nvFARRAM     000000
__Lnvbit                                                  nvbit        000000
__Lnvrram                                                 nvrram       000000
__Lparam                                                  rparam       000000
__Lpowerup                                                powerup      000000
__Lram                                                    ram          000000
__Lramtop                                                 ramtop       002600
__Lrbit                                                   rbit         000000
__Lrbss                                                   rbss         000000
__Lrdata                                                  rdata        000000
__Lreset_vec                                              reset_vec    000000
__Lrparam                                                 rparam       000000
__Lsfr                                                    sfr          000000
__Lsmallconst                                             smallconst   002600
__Lspace_0                                                (abs)        000000
__Lspace_1                                                (abs)        000000
__Lspace_2                                                (abs)        000000
__Lspace_4                                                (abs)        000000
__Lstack                                                  stack        000000
__Lstruct                                                 struct       000000
__Ltemp                                                   temp         000000
__Ltext                                                   text         000000
__Ltext0                                                  text0        000000
__Ltext1                                                  text1        000000
__Ltext10                                                 text10       000000
__Ltext11                                                 text11       000000
__Ltext12                                                 text12       000000
__Ltext13                                                 text13       000000
__Ltext14                                                 text14       000000
__Ltext15                                                 text15       000000
__Ltext16                                                 text16       000000
__Ltext17                                                 text17       000000
__Ltext18                                                 text18       000000
__Ltext19                                                 text19       000000
__Ltext2                                                  text2        000000
__Ltext20                                                 text20       000000
__Ltext21                                                 text21       000000
__Ltext22                                                 text22       000000
__Ltext23                                                 text23       000000
__Ltext24                                                 text24       000000
__Ltext25                                                 text25       000000
__Ltext26                                                 text26       000000
__Ltext27                                                 text27       000000
__Ltext28                                                 text28       000000
__Ltext29                                                 text29       000000
__Ltext3                                                  text3        000000
__Ltext30                                                 text30       000000
__Ltext31                                                 text31       000000
__Ltext32                                                 text32       000000
__Ltext33                                                 text33       000000
__Ltext34                                                 text34       000000
__Ltext35                                                 text35       000000
__Ltext36                                                 text36       000000
__Ltext37                                                 text37       000000
__Ltext4                                                  text4        000000
__Ltext5                                                  text5        000000
__Ltext6                                                  text6        000000
__Ltext7                                                  text7        000000
__Ltext8                                                  text8        000000
__Ltext9                                                  text9        000000
__S0                                                      (abs)        00304E
__S1                                                      (abs)        000D60
__S4                                                      (abs)        000000
__S5                                                      (abs)        000000
___heap_hi                                                (abs)        000000
___heap_lo                                                (abs)        000000
___inthi_sp                                               stack        000000
___inthi_stack_hi                                         stack        000000
___inthi_stack_lo                                         stack        000000
___intlo_sp                                               stack        000000
___intlo_stack_hi                                         stack        000000
___intlo_stack_lo                                         stack        000000
___param_bank                                             (abs)        000000
___rparam_used                                            (abs)        000001
___sp                                                     stack        000000
___stack_hi                                               stack        000000
___stack_lo                                               stack        000000
__accesstop                                               (abs)        000560
__activetblptr                                            (abs)        000003
__end_of_ADC_ConversionResultGet                          text37       002FB4
__end_of_ADC_ConversionStart                              text24       003038
__end_of_ADC_Enable                                       text23       003032
__end_of_ADC_ISR                                          text34       002EDC
__end_of_ADC_Initialize                                   text18       002C40
__end_of_ADC_ThresholdISR                                 text33       00304E
__end_of_CLOCK_Initialize                                 text17       002FC8
__end_of_INT0_SetInterruptHandler                         text16       002FF2
__end_of_INT1_SetInterruptHandler                         text15       002FE4
__end_of_INT2_SetInterruptHandler                         text14       002FD6
__end_of_INTERRUPT_Initialize                             text13       002D90
__end_of_INTERRUPT_InterruptManager                       text25       002866
__end_of_PIN_MANAGER_IOC                                  text32       002EAA
__end_of_PIN_MANAGER_Initialize                           text12       0029E0
__end_of_SPI1_BufferExchange                              text8        002D4C
__end_of_SPI1_BufferWrite                                 text6        002CF6
__end_of_SPI1_ByteWrite                                   text5        002F04
__end_of_SPI1_Host                                        smallconst   00262B
__end_of_SPI1_Initialize                                  text20       002E0E
__end_of_SPI1_Open                                        text19       00293A
__end_of_SPI1_Receive_ISR                                 text31       002BE0
__end_of_SPI1_RxCompleteCallbackRegister                  text22       00300E
__end_of_SPI1_Transmit_ISR                                text30       002CA0
__end_of_SPI1_TxCompleteCallbackRegister                  text21       003000
__end_of_SYSTEM_Initialize                                text10       002F9E
__end_of_TMR0_DefaultCallback                             text27       003026
__end_of_TMR0_ISR                                         text26       002E78
__end_of_TMR0_Initialize                                  text11       002F4A
__end_of_TMR0_Start                                       text9        00302C
__end_of_TMR0_Stop                                        text29       003044
__end_of__initialization                                  cinit        002B74
__end_of_main                                             text0        00277C
__end_of_nrf24_Initialize                                 text2        002A82
__end_of_nrf24_ReadRegister                               text7        002E46
__end_of_nrf24_WriteBuffer                                text4        002F28
__end_of_nrf24_WritePayload                               text1        002F88
__end_of_nrf24_WriteRegister                              text3        002DD2
__end_of_saveMicData                                      text35       002B06
__end_of_spi1_configuration                               smallconst   00263A
__end_ofi2_ADC_ConversionStart                            text28       00303E
__end_ofi2_TMR0_Start                                     text36       00304A
__initialization                                          cinit        002B06
__mediumconst                                             mediumconst  000000
__pbssBIGRAM                                              bssBIGRAM    000580
__pbssCOMRAM                                              bssCOMRAM    000501
__pcinit                                                  cinit        002B06
__pcstackCOMRAM                                           cstackCOMRAM 000521
__pdataBANK5                                              dataBANK5    000560
__pdataCOMRAM                                             dataCOMRAM   000548
__pidataBANK5                                             idataBANK5   002F4A
__pidataCOMRAM                                            idataCOMRAM  00300E
__pivt0x8                                                 ivt0x8       000008
__pnvCOMRAM                                               nvCOMRAM     000539
__psmallconst                                             smallconst   002600
__ptext0                                                  text0        00263C
__ptext1                                                  text1        002F6A
__ptext10                                                 text10       002F88
__ptext11                                                 text11       002F28
__ptext12                                                 text12       00293A
__ptext13                                                 text13       002D4C
__ptext14                                                 text14       002FC8
__ptext15                                                 text15       002FD6
__ptext16                                                 text16       002FE4
__ptext17                                                 text17       002FB4
__ptext18                                                 text18       002BE0
__ptext19                                                 text19       002866
__ptext2                                                  text2        0029E0
__ptext20                                                 text20       002DD2
__ptext21                                                 text21       002FF2
__ptext22                                                 text22       003000
__ptext23                                                 text23       00302C
__ptext24                                                 text24       003032
__ptext25                                                 text25       00277C
__ptext26                                                 text26       002E46
__ptext27                                                 text27       00301C
__ptext28                                                 text28       003038
__ptext29                                                 text29       00303E
__ptext3                                                  text3        002D90
__ptext30                                                 text30       002C40
__ptext31                                                 text31       002B7A
__ptext32                                                 text32       002E78
__ptext33                                                 text33       00304A
__ptext34                                                 text34       002EAA
__ptext35                                                 text35       002A82
__ptext36                                                 text36       003044
__ptext37                                                 text37       002F9E
__ptext4                                                  text4        002F04
__ptext5                                                  text5        002EDC
__ptext6                                                  text6        002CA0
__ptext7                                                  text7        002E0E
__ptext8                                                  text8        002CF6
__ptext9                                                  text9        003026
__ramtop                                                  ramtop       002600
__smallconst                                              smallconst   002600
_adc_busy_status                                          bssCOMRAM    00051A
_control_packet                                           dataBANK5    000560
_counter                                                  bssCOMRAM    000517
_ctrl_ind                                                 bssCOMRAM    00051F
_done                                                     bssCOMRAM    00051C
_irq_ready                                                bssCOMRAM    00051D
_last_sample                                              bssCOMRAM    000520
_main                                                     text0        00263C
_micData                                                  bssBIGRAM    000580
_nrf24_Initialize                                         text2        0029E0
_nrf24_ReadRegister                                       text7        002E0E
_nrf24_WriteBuffer                                        text4        002F04
_nrf24_WritePayload                                       text1        002F6A
_nrf24_WriteRegister                                      text3        002D90
_pins_to_sample                                           dataCOMRAM   00054D
_ready                                                    bssCOMRAM    00051E
_saveMicData                                              text35       002A82
_spi1_configuration                                       smallconst   00262B
_spi1_descriptor                                          bssCOMRAM    000501
_transmitted                                              bssCOMRAM    00051B
end_of_initialization                                     cinit        002B74
i2_ADC_ConversionStart                                    text28       003038
i2_TMR0_Start                                             text36       003044
intlevel0                                                 text         000000
intlevel1                                                 text         000000
intlevel2                                                 text         000000
intlevel3                                                 text         000000
isa$std                                                   (abs)        000001
isa$xinst                                                 (abs)        000000
ivt0x8_base                                               ivt0x8       000008
main@index                                                bssCOMRAM    000519
nrf24_Initialize@stat                                     cstackCOMRAM 000536
nrf24_ReadRegister@address                                cstackCOMRAM 00052F
nrf24_ReadRegister@buffer                                 cstackCOMRAM 000531
nrf24_ReadRegister@fulladd                                cstackCOMRAM 000530
nrf24_WriteBuffer@address                                 cstackCOMRAM 000532
nrf24_WriteBuffer@buffer                                  cstackCOMRAM 00052F
nrf24_WriteBuffer@command                                 cstackCOMRAM 000533
nrf24_WriteBuffer@size                                    cstackCOMRAM 000531
nrf24_WritePayload@buffer                                 cstackCOMRAM 00052F
nrf24_WritePayload@size                                   cstackCOMRAM 000531
nrf24_WriteRegister@address                               cstackCOMRAM 000531
nrf24_WriteRegister@buffer                                cstackCOMRAM 000533
nrf24_WriteRegister@fulladd                               cstackCOMRAM 000532
nrf24_WriteRegister@value                                 cstackCOMRAM 00052F
saveMicData@res                                           cstackCOMRAM 000526
stackhi                                                   (abs)        000000
stacklo                                                   (abs)        000000
start                                                     init         00001A
start_initialization                                      cinit        002B06


MODULE INFORMATION

Module		Function		Class		Link	Load	Size
nrf24.c
		_nrf24_ReadRegister		CODE           	2E0E	0000	56
		_nrf24_WriteBuffer		CODE           	2F04	0000	36
		_nrf24_WritePayload		CODE           	2F6A	0000	30
		_nrf24_WriteRegister		CODE           	2D90	0000	66
		_nrf24_Initialize		CODE           	29E0	0000	162

nrf24.c estimated size: 350

mcc_generated_files/system/src/interrupt.c
		_INT0_SetInterruptHandler		CODE           	2FE4	0000	14
		_INT1_SetInterruptHandler		CODE           	2FD6	0000	14
		_INT2_SetInterruptHandler		CODE           	2FC8	0000	14
		_INTERRUPT_Initialize		CODE           	2D4C	0000	68
		_INTERRUPT_InterruptManager		CODE           	277C	0000	234

mcc_generated_files/system/src/interrupt.c estimated size: 344

mcc_generated_files/adc/src/adc.c
		_ADC_Initialize		CODE           	2BE0	0000	96
		_ADC_ConversionStart		CODE           	3032	0000	6
		_saveMicData   		CODE           	2A82	0000	132
		_ADC_Enable    		CODE           	302C	0000	6
		_ADC_ISR       		CODE           	2EAA	0000	50
		_ADC_ThresholdISR		CODE           	304A	0000	4
		_ADC_ConversionResultGet		CODE           	2F9E	0000	22

mcc_generated_files/adc/src/adc.c estimated size: 316

mcc_generated_files/system/src/pins.c
		_PIN_MANAGER_Initialize		CODE           	293A	0000	166
		_PIN_MANAGER_IOC		CODE           	2E78	0000	50

mcc_generated_files/system/src/pins.c estimated size: 216

shared
		i2_ADC_ConversionStart		CODE           	3038	0000	6
		__initialization		CODE           	2B06	0000	110
		_SPI1_Host     		SMALLCONST     	2601	0000	42
		_spi1_configuration		SMALLCONST     	262B	0000	15
		i2_TMR0_Start  		CODE           	3044	0000	6

shared estimated size: 179

mcc_generated_files/system/src/clock.c
		_CLOCK_Initialize		CODE           	2FB4	0000	20

mcc_generated_files/system/src/clock.c estimated size: 20

mcc_generated_files/timer/src/tmr0.c
		_TMR0_DefaultCallback		CODE           	301C	0000	10
		_TMR0_ISR      		CODE           	2E46	0000	50
		_TMR0_Initialize		CODE           	2F28	0000	34
		_TMR0_Stop     		CODE           	303E	0000	6
		_TMR0_Start    		CODE           	3026	0000	6

mcc_generated_files/timer/src/tmr0.c estimated size: 106

main.c
		_main          		CODE           	263C	0000	320

main.c estimated size: 320

mcc_generated_files/system/src/system.c
		_SYSTEM_Initialize		CODE           	2F88	0000	22

mcc_generated_files/system/src/system.c estimated size: 22

mcc_generated_files/spi/src/spi1.c
		_SPI1_TxCompleteCallbackRegister		CODE           	2FF2	0000	14
		_SPI1_BufferExchange		CODE           	2CF6	0000	86
		_SPI1_RxCompleteCallbackRegister		CODE           	3000	0000	14
		_SPI1_Transmit_ISR		CODE           	2C40	0000	96
		_SPI1_ByteWrite		CODE           	2EDC	0000	40
		_SPI1_Open     		CODE           	2866	0000	212
		_SPI1_BufferWrite		CODE           	2CA0	0000	86
		_SPI1_Initialize		CODE           	2DD2	0000	60
		_SPI1_Receive_ISR		CODE           	2B7A	0000	102

mcc_generated_files/spi/src/spi1.c estimated size: 710

