Microchip MPLAB XC8 Compiler V2.50

Linker command line:

-W-3 \
  --edf=C:\Program Files\Microchip\xc8\v2.50\pic\dat\20240725155939_en.msgs \
  -pivt0x8=08h -cn -h+dist/default/debug\nRF24_code.X.debug.sym \
  --cmf=dist/default/debug\nRF24_code.X.debug.cmf -z -Q18F57Q43 \
  -oC:\Users\KACPER~1\AppData\Local\Temp\xcAs18k0.\driver_tmp_3.o \
  --defsym=__MPLAB_BUILD=1 --fixupoverflow=error \
  -Mdist/default/debug/nRF24_code.X.debug.map \
  --md=C:\Users\KACPER~1\AppData\Local\Temp\xcAs18k0.\driver_tmp_0.dat -E1 \
  -ver=XC8 Compiler --acfsm=1493 -ACODE=00h-01FFFFh -ACONST=00h-01FFFFh \
  -ASMALLCONST=02600h-026FFhx474 \
  -AMEDIUMCONST=02600h-0FFFFh,012600h-01FFFFh -ACOMRAM=0501h-055Fh \
  -AABS1=0500h-024FFh -ABIGRAM=0501h-024FFh \
  -ARAM=0560h-05FFh,0600h-06FFhx31 -ABANK5=0560h-05FFh -ABANK6=0600h-06FFh \
  -ABANK7=0700h-07FFh -ABANK8=0800h-08FFh -ABANK9=0900h-09FFh \
  -ABANK10=0A00h-0AFFh -ABANK11=0B00h-0BFFh -ABANK12=0C00h-0CFFh \
  -ABANK13=0D00h-0DFFh -ABANK14=0E00h-0EFFh -ABANK15=0F00h-0FFFh \
  -ABANK16=01000h-010FFh -ABANK17=01100h-011FFh -ABANK18=01200h-012FFh \
  -ABANK19=01300h-013FFh -ABANK20=01400h-014FFh -ABANK21=01500h-015FFh \
  -ABANK22=01600h-016FFh -ABANK23=01700h-017FFh -ABANK24=01800h-018FFh \
  -ABANK25=01900h-019FFh -ABANK26=01A00h-01AFFh -ABANK27=01B00h-01BFFh \
  -ABANK28=01C00h-01CFFh -ABANK29=01D00h-01DFFh -ABANK30=01E00h-01EFFh \
  -ABANK31=01F00h-01FFFh -ABANK32=02000h-020FFh -ABANK33=02100h-021FFh \
  -ABANK34=02200h-022FFh -ABANK35=02300h-023FFh -ABANK36=02400h-024FFh \
  -ASFR=00h-0FFhx4,0400h-045Fh,0460h-04FFh,02500h-025FFh \
  -ABIGSFR=00h-04FFh,02500h-025FFh -ACONFIG=0300000h-0300011h \
  -AIDLOC=0200000h-020003Fh -AEEDATA=0380000h-03803FFh -peeprom_data=EEDATA \
  -preset_vec=00h -ppowerup=CODE,init -pramtop=02600h \
  -psmallconst=SMALLCONST -pmediumconst=MEDIUMCONST -pconst=CONST \
  -AFARRAM=00h-00h \
  -prdata=COMRAM,nvrram=COMRAM,nvbit=COMRAM,rbss=COMRAM,rbit=COMRAM \
  -pfarbss=FARRAM,fardata=FARRAM,nvFARRAM=FARRAM \
  -pintsave_regs=BIGRAM,bigbss=BIGRAM,bigdata=BIGRAM -pbss=RAM \
  -pidata=CODE,irdata=CODE,ibigdata=CODE,ifardata=CODE -prparam=COMRAM \
  C:\Users\KACPER~1\AppData\Local\Temp\xcAs18k0.\driver_tmp_9.o \
  dist/default/debug\nRF24_code.X.debug.o 

Object code version is 3.11

Machine type is 18F57Q43



                Name                               Link     Load   Length Selector   Space Scale
C:\Users\KACPER~1\AppData\Local\Temp\xcAs18k0.\driver_tmp_9.o
                config                           300000   300000        A        0       4
                init                                 1A       1A        4        4       0
                reset_vec                             0        0        4        0       0
dist/default/debug\nRF24_code.X.debug.o
                config                           300000   300000        A        0       4
                smallconst                         2600     2600       3C     1300       0
                ivt0x8                                8        8       12        4       0
                text26                             2CAE     2CAE       12     1612       0
                text25                             2D16     2D16        6     1612       0
                text24                             2D06     2D06        A     1612       0
                text23                             2BA4     2BA4       32     131E       0
                text22                             2A54     2A54       56     131E       0
                text21                             2CF8     2CF8        E     1612       0
                text20                             2CEA     2CEA        E     1612       0
                text19                             2B30     2B30       3C     131E       0
                text18                             2728     2728       D4     131E       0
                text17                             2C88     2C88       14     1612       0
                text16                             2CDC     2CDC        E     1612       0
                text15                             2CCE     2CCE        E     1612       0
                text14                             2CC0     2CC0        E     1612       0
                text13                             2AAA     2AAA       44     131E       0
                text12                             27FC     27FC       AA     131E       0
                text11                             2C48     2C48       22     1612       0
                text10                             2C9C     2C9C       12     1612       0
                text9                              2D10     2D10        6     1612       0
                text8                              29FE     29FE       56     131E       0
                text7                              2B6C     2B6C       38     131E       0
                text6                              29A8     29A8       56     131E       0
                text5                              2BD6     2BD6       28     131E       0
                text4                              2C24     2C24       24     1612       0
                text3                              2AEE     2AEE       42     131E       0
                text2                              28A6     28A6       A2     131E       0
                text1                              2C6A     2C6A       1E     1612       0
                text0                              263C     263C       EC     131E       0
                cstackCOMRAM                        501      501       34      501       1
                dataBANK5                           560      560       25      560       1
                dataCOMRAM                          558      558        5      501       1
                bssCOMRAM                           535      535       17      501       1
                cinit                              2948     2948       60     131E       0
                nvCOMRAM                            54C      54C        C      501       1
                idataBANK5                         2BFE     2BFE       25     131E       0
                idataCOMRAM                        2D1C     2D1C        5     1612       0

TOTAL           Name                               Link     Load   Length     Space
        CLASS   CODE           
                init                                 1A       1A        4         0
                reset_vec                             0        0        4         0
                ivt0x8                                8        8       12         0
                text26                             2CAE     2CAE       12         0
                text25                             2D16     2D16        6         0
                text24                             2D06     2D06        A         0
                text23                             2BA4     2BA4       32         0
                text22                             2A54     2A54       56         0
                text21                             2CF8     2CF8        E         0
                text20                             2CEA     2CEA        E         0
                text19                             2B30     2B30       3C         0
                text18                             2728     2728       D4         0
                text17                             2C88     2C88       14         0
                text16                             2CDC     2CDC        E         0
                text15                             2CCE     2CCE        E         0
                text14                             2CC0     2CC0        E         0
                text13                             2AAA     2AAA       44         0
                text12                             27FC     27FC       AA         0
                text11                             2C48     2C48       22         0
                text10                             2C9C     2C9C       12         0
                text9                              2D10     2D10        6         0
                text8                              29FE     29FE       56         0
                text7                              2B6C     2B6C       38         0
                text6                              29A8     29A8       56         0
                text5                              2BD6     2BD6       28         0
                text4                              2C24     2C24       24         0
                text3                              2AEE     2AEE       42         0
                text2                              28A6     28A6       A2         0
                text1                              2C6A     2C6A       1E         0
                text0                              263C     263C       EC         0
                cinit                              2948     2948       60         0
                idataBANK5                         2BFE     2BFE       25         0
                idataCOMRAM                        2D1C     2D1C        5         0

        CLASS   CONST          

        CLASS   SMALLCONST     
                smallconst                         2600     2600       3C         0

        CLASS   MEDIUMCONST    

        CLASS   COMRAM         
                cstackCOMRAM                        501      501       34         1
                dataCOMRAM                          558      558        5         1
                bssCOMRAM                           535      535       17         1
                nvCOMRAM                            54C      54C        C         1

        CLASS   ABS1           

        CLASS   BIGRAM         

        CLASS   RAM            

        CLASS   BANK5          
                dataBANK5                           560      560       25         1

        CLASS   BANK6          

        CLASS   BANK7          

        CLASS   BANK8          

        CLASS   BANK9          

        CLASS   BANK10         

        CLASS   BANK11         

        CLASS   BANK12         

        CLASS   BANK13         

        CLASS   BANK14         

        CLASS   BANK15         

        CLASS   BANK16         

        CLASS   BANK17         

        CLASS   BANK18         

        CLASS   BANK19         

        CLASS   BANK20         

        CLASS   BANK21         

        CLASS   BANK22         

        CLASS   BANK23         

        CLASS   BANK24         

        CLASS   BANK25         

        CLASS   BANK26         

        CLASS   BANK27         

        CLASS   BANK28         

        CLASS   BANK29         

        CLASS   BANK30         

        CLASS   BANK31         

        CLASS   BANK32         

        CLASS   BANK33         

        CLASS   BANK34         

        CLASS   BANK35         

        CLASS   BANK36         

        CLASS   SFR            

        CLASS   BIGSFR         

        CLASS   CONFIG         
                config                           300000   300000        A         4

        CLASS   IDLOC          

        CLASS   EEDATA         

        CLASS   FARRAM         

        CLASS   HEAP           

        CLASS   STACK          



SEGMENTS        Name                           Load    Length   Top    Selector   Space  Class

                reset_vec                      000000  000004  000004         0       0  CODE    
                ivt0x8                         000008  000016  00001E         4       0  CODE    
                cstackCOMRAM                   000501  00005C  00055D       501       1  COMRAM  
                dataBANK5                      000560  000025  000585       560       1  BANK5   
                smallconst                     002600  00003C  00263C      1300       0  SMALLCON
                text0                          00263C  0005E7  002C23      131E       0  CODE    
                text4                          002C24  0000FD  002D21      1612       0  CODE    


UNUSED ADDRESS RANGES

        Name                Unused          Largest block    Delta
        BANK10           000A00-000AFF              100
        BANK11           000B00-000BFF              100
        BANK12           000C00-000CFF              100
        BANK13           000D00-000DFF              100
        BANK14           000E00-000EFF              100
        BANK15           000F00-000FFF              100
        BANK16           001000-0010FF              100
        BANK17           001100-0011FF              100
        BANK18           001200-0012FF              100
        BANK19           001300-0013FF              100
        BANK20           001400-0014FF              100
        BANK21           001500-0015FF              100
        BANK22           001600-0016FF              100
        BANK23           001700-0017FF              100
        BANK24           001800-0018FF              100
        BANK25           001900-0019FF              100
        BANK26           001A00-001AFF              100
        BANK27           001B00-001BFF              100
        BANK28           001C00-001CFF              100
        BANK29           001D00-001DFF              100
        BANK30           001E00-001EFF              100
        BANK31           001F00-001FFF              100
        BANK32           002000-0020FF              100
        BANK33           002100-0021FF              100
        BANK34           002200-0022FF              100
        BANK35           002300-0023FF              100
        BANK36           002400-0024FF              100
        BANK5            000585-0005FF               7B
        BANK6            000600-0006FF              100
        BANK7            000700-0007FF              100
        BANK8            000800-0008FF              100
        BANK9            000900-0009FF              100
        BIGRAM           00055D-00055F                3
                         000585-0024FF             1F7B
        BIGSFR           000000-0004FF              500
                         002500-0025FF              100
        CODE             000004-000007                4
                         00001E-0025FF             25E2
                         002C23-002C23                1
                         002D21-01FFFF            1D2DF
        COMRAM           00055D-00055F                3
        CONFIG           30000A-300011                8
        CONST            000004-000007                4
                         00001E-0025FF             25E2
                         002C23-002C23                1
                         002D21-01FFFF            1D2DF
        EEDATA           380000-3803FF              400
        IDLOC            200000-20003F               40
        MEDIUMCONST      002C23-002C23                1
                         002D21-00FFFF             D2DF
                         012600-01FFFF             DA00
        RAM              000585-0024FF              100
        SFR              000000-0004FF              100
                         002500-0025FF              100
        SMALLCONST       002C23-002C23                1
                         002D21-01FFFF              100

                                  Symbol Table

INT0_SetInterruptHandler@InterruptHandler                 cstackCOMRAM 000504
INT1_SetInterruptHandler@InterruptHandler                 cstackCOMRAM 000504
INT2_SetInterruptHandler@InterruptHandler                 cstackCOMRAM 000504
IVTBASEH                                                  (abs)        00045E
IVTBASEL                                                  (abs)        00045D
IVTBASEU                                                  (abs)        00045F
PIN_MANAGER_IOC@temp                                      cstackCOMRAM 000501
SPI1_BufferExchange@bufferData                            cstackCOMRAM 000504
SPI1_BufferExchange@bufferInput                           cstackCOMRAM 000508
SPI1_BufferExchange@bufferSize                            cstackCOMRAM 000506
SPI1_BufferWrite@bufferData                               cstackCOMRAM 000504
SPI1_BufferWrite@bufferInput                              cstackCOMRAM 000508
SPI1_BufferWrite@bufferSize                               cstackCOMRAM 000506
SPI1_ByteWrite@byteData                                   cstackCOMRAM 000504
SPI1_Open@spiConfigIndex                                  cstackCOMRAM 000506
SPI1_RxCompleteCallbackRegister@rxCompleteCallbackHandler cstackCOMRAM 000504
SPI1_TxCompleteCallbackRegister@txCompleteCallbackHandler cstackCOMRAM 000504
_ACTCON                                                   (abs)        0000AC
_ANSELA                                                   (abs)        000400
_ANSELAbits                                               (abs)        000400
_ANSELB                                                   (abs)        000408
_ANSELBbits                                               (abs)        000408
_ANSELC                                                   (abs)        000410
_ANSELD                                                   (abs)        000418
_ANSELE                                                   (abs)        000420
_ANSELF                                                   (abs)        000428
_CLOCK_Initialize                                         text17       002C88
_INLVLA                                                   (abs)        000404
_INLVLB                                                   (abs)        00040C
_INLVLC                                                   (abs)        000414
_INLVLD                                                   (abs)        00041C
_INLVLE                                                   (abs)        000424
_INLVLF                                                   (abs)        00042C
_INT0_DefaultInterruptHandler                             (abs)        000000
_INT0_InterruptHandler                                    nvCOMRAM     000555
_INT0_SetInterruptHandler                                 text16       002CDC
_INT1_DefaultInterruptHandler                             (abs)        000000
_INT1_InterruptHandler                                    nvCOMRAM     000552
_INT1_SetInterruptHandler                                 text15       002CCE
_INT2_DefaultInterruptHandler                             (abs)        000000
_INT2_InterruptHandler                                    nvCOMRAM     00054F
_INT2_SetInterruptHandler                                 text14       002CC0
_INTCON0bits                                              (abs)        0004D6
_INTERRUPT_Initialize                                     text13       002AAA
_INTERRUPT_InterruptManager                               text22       002A54
_IOCAF                                                    (abs)        000407
_IOCAN                                                    (abs)        000406
_IOCAP                                                    (abs)        000405
_IOCBF                                                    (abs)        00040F
_IOCBN                                                    (abs)        00040E
_IOCBNbits                                                (abs)        00040E
_IOCBP                                                    (abs)        00040D
_IOCCF                                                    (abs)        000417
_IOCCN                                                    (abs)        000416
_IOCCP                                                    (abs)        000415
_IOCEF                                                    (abs)        000427
_IOCEN                                                    (abs)        000426
_IOCEP                                                    (abs)        000425
_LATA                                                     (abs)        0004BE
_LATAbits                                                 (abs)        0004BE
_LATB                                                     (abs)        0004BF
_LATC                                                     (abs)        0004C0
_LATD                                                     (abs)        0004C1
_LATE                                                     (abs)        0004C2
_LATF                                                     (abs)        0004C3
_LATFbits                                                 (abs)        0004C3
_ODCONA                                                   (abs)        000402
_ODCONB                                                   (abs)        00040A
_ODCONC                                                   (abs)        000412
_ODCOND                                                   (abs)        00041A
_ODCONE                                                   (abs)        000422
_ODCONF                                                   (abs)        00042A
_OSCCON1                                                  (abs)        0000AD
_OSCCON3                                                  (abs)        0000AF
_OSCEN                                                    (abs)        0000B3
_OSCFRQ                                                   (abs)        0000B1
_OSCTUNE                                                  (abs)        0000B0
_PIE0bits                                                 (abs)        00049E
_PIE3bits                                                 (abs)        0004A1
_PIN_MANAGER_IOC                                          text26       002CAE
_PIN_MANAGER_Initialize                                   text12       0027FC
_PIR0bits                                                 (abs)        0004AE
_PIR10bits                                                (abs)        0004B8
_PIR1bits                                                 (abs)        0004AF
_PIR3bits                                                 (abs)        0004B1
_PIR6bits                                                 (abs)        0004B4
_RB1I2C                                                   (abs)        000289
_RB2I2C                                                   (abs)        000288
_RC3I2C                                                   (abs)        000287
_RC3PPS                                                   (abs)        000214
_RC4I2C                                                   (abs)        000286
_RC4PPS                                                   (abs)        000215
_RXPIPE0                                                  dataBANK5    000580
_SLRCONA                                                  (abs)        000403
_SLRCONB                                                  (abs)        00040B
_SLRCONC                                                  (abs)        000413
_SLRCOND                                                  (abs)        00041B
_SLRCONE                                                  (abs)        000423
_SLRCONF                                                  (abs)        00042B
_SPI1BAUD                                                 (abs)        000089
_SPI1CLK                                                  (abs)        00008C
_SPI1CON0                                                 (abs)        000084
_SPI1CON0bits                                             (abs)        000084
_SPI1CON1                                                 (abs)        000085
_SPI1CON1bits                                             (abs)        000085
_SPI1CON2                                                 (abs)        000086
_SPI1RXB                                                  (abs)        000080
_SPI1SCKPPS                                               (abs)        00026A
_SPI1SDIPPS                                               (abs)        00026B
_SPI1STATUSbits                                           (abs)        000087
_SPI1TCNTH                                                (abs)        000083
_SPI1TCNTL                                                (abs)        000082
_SPI1TXB                                                  (abs)        000081
_SPI1_BufferExchange                                      text8        0029FE
_SPI1_BufferRead                                          (abs)        000000
_SPI1_BufferWrite                                         text6        0029A8
_SPI1_ByteExchange                                        (abs)        000000
_SPI1_ByteRead                                            (abs)        000000
_SPI1_ByteWrite                                           text5        002BD6
_SPI1_Close                                               (abs)        000000
_SPI1_Deinitialize                                        (abs)        000000
_SPI1_Host                                                smallconst   002601
_SPI1_Initialize                                          text19       002B30
_SPI1_IsRxReady                                           (abs)        000000
_SPI1_IsTxReady                                           (abs)        000000
_SPI1_Open                                                text18       002728
_SPI1_RxCompleteCallback                                  bssCOMRAM    000541
_SPI1_RxCompleteCallbackRegister                          text21       002CF8
_SPI1_TxCompleteCallback                                  bssCOMRAM    00053E
_SPI1_TxCompleteCallbackRegister                          text20       002CEA
_SYSTEM_Initialize                                        text10       002C9C
_T0CON0                                                   (abs)        00031A
_T0CON0bits                                               (abs)        00031A
_T0CON1                                                   (abs)        00031B
_TMR0H                                                    (abs)        000319
_TMR0L                                                    (abs)        000318
_TMR0_DefaultCallback                                     text24       002D06
_TMR0_ISR                                                 text23       002BA4
_TMR0_Initialize                                          text11       002C48
_TMR0_PeriodMatchCallback                                 nvCOMRAM     00054C
_TMR0_Start                                               text9        002D10
_TMR0_Stop                                                text25       002D16
_TRISA                                                    (abs)        0004C6
_TRISAbits                                                (abs)        0004C6
_TRISB                                                    (abs)        0004C7
_TRISBbits                                                (abs)        0004C7
_TRISC                                                    (abs)        0004C8
_TRISCbits                                                (abs)        0004C8
_TRISD                                                    (abs)        0004C9
_TRISE                                                    (abs)        0004CA
_TRISF                                                    (abs)        0004CB
_TXPIPE0                                                  dataCOMRAM   000558
_WPUA                                                     (abs)        000401
_WPUB                                                     (abs)        000409
_WPUBbits                                                 (abs)        000409
_WPUC                                                     (abs)        000411
_WPUD                                                     (abs)        000419
_WPUE                                                     (abs)        000421
_WPUF                                                     (abs)        000429
__HRAM                                                    (abs)        000000
__H__absolute__                                           __absolute__ 000000
__Habs1                                                   abs1         000000
__Hbank10                                                 bank10       000000
__Hbank11                                                 bank11       000000
__Hbank12                                                 bank12       000000
__Hbank13                                                 bank13       000000
__Hbank14                                                 bank14       000000
__Hbank15                                                 bank15       000000
__Hbank16                                                 bank16       000000
__Hbank17                                                 bank17       000000
__Hbank18                                                 bank18       000000
__Hbank19                                                 bank19       000000
__Hbank20                                                 bank20       000000
__Hbank21                                                 bank21       000000
__Hbank22                                                 bank22       000000
__Hbank23                                                 bank23       000000
__Hbank24                                                 bank24       000000
__Hbank25                                                 bank25       000000
__Hbank26                                                 bank26       000000
__Hbank27                                                 bank27       000000
__Hbank28                                                 bank28       000000
__Hbank29                                                 bank29       000000
__Hbank30                                                 bank30       000000
__Hbank31                                                 bank31       000000
__Hbank32                                                 bank32       000000
__Hbank33                                                 bank33       000000
__Hbank34                                                 bank34       000000
__Hbank35                                                 bank35       000000
__Hbank36                                                 bank36       000000
__Hbank5                                                  bank5        000000
__Hbank6                                                  bank6        000000
__Hbank7                                                  bank7        000000
__Hbank8                                                  bank8        000000
__Hbank9                                                  bank9        000000
__Hbigbss                                                 bigbss       000000
__Hbigdata                                                bigdata      000000
__Hbigram                                                 bigram       000000
__Hbigsfr                                                 bigsfr       000000
__Hbss                                                    bss          000000
__HbssCOMRAM                                              bssCOMRAM    000000
__Hcinit                                                  cinit        000000
__Hclrtext                                                clrtext      000000
__Hcomram                                                 comram       000000
__Hconfig                                                 config       30000A
__Hconst                                                  const        000000
__HcstackCOMRAM                                           cstackCOMRAM 000000
__Hdata                                                   data         000000
__HdataBANK5                                              dataBANK5    000000
__HdataCOMRAM                                             dataCOMRAM   000000
__Heeprom_data                                            eeprom_data  000000
__Hfarbss                                                 farbss       000000
__Hfardata                                                fardata      000000
__Hheap                                                   heap         000000
__Hibigdata                                               ibigdata     000000
__Hidata                                                  idata        000000
__HidataBANK5                                             idataBANK5   000000
__HidataCOMRAM                                            idataCOMRAM  000000
__Hidloc                                                  idloc        000000
__Hifardata                                               ifardata     000000
__Hinit                                                   init         00001E
__Hintsave_regs                                           intsave_regs 000000
__Hirdata                                                 irdata       000000
__Hivt0x8                                                 ivt0x8       00001A
__Hmediumconst                                            mediumconst  000000
__HnvCOMRAM                                               nvCOMRAM     000000
__HnvFARRAM                                               nvFARRAM     000000
__Hnvbit                                                  nvbit        000000
__Hnvrram                                                 nvrram       000000
__Hparam                                                  rparam       000000
__Hpowerup                                                powerup      000000
__Hram                                                    ram          000000
__Hramtop                                                 ramtop       002600
__Hrbit                                                   rbit         000000
__Hrbss                                                   rbss         000000
__Hrdata                                                  rdata        000000
__Hreset_vec                                              reset_vec    000004
__Hrparam                                                 rparam       000000
__Hsfr                                                    sfr          000000
__Hsmallconst                                             smallconst   00263C
__Hspace_0                                                (abs)        002D21
__Hspace_1                                                (abs)        000585
__Hspace_2                                                (abs)        000000
__Hspace_4                                                (abs)        60000A
__Hstack                                                  stack        000000
__Hstruct                                                 struct       000000
__Htemp                                                   temp         000000
__Htext                                                   text         000000
__Htext0                                                  text0        000000
__Htext1                                                  text1        000000
__Htext10                                                 text10       000000
__Htext11                                                 text11       000000
__Htext12                                                 text12       000000
__Htext13                                                 text13       000000
__Htext14                                                 text14       000000
__Htext15                                                 text15       000000
__Htext16                                                 text16       000000
__Htext17                                                 text17       000000
__Htext18                                                 text18       000000
__Htext19                                                 text19       000000
__Htext2                                                  text2        000000
__Htext20                                                 text20       000000
__Htext21                                                 text21       000000
__Htext22                                                 text22       000000
__Htext23                                                 text23       000000
__Htext24                                                 text24       000000
__Htext25                                                 text25       000000
__Htext26                                                 text26       000000
__Htext3                                                  text3        000000
__Htext4                                                  text4        000000
__Htext5                                                  text5        000000
__Htext6                                                  text6        000000
__Htext7                                                  text7        000000
__Htext8                                                  text8        000000
__Htext9                                                  text9        000000
__LRAM                                                    (abs)        000001
__L__absolute__                                           __absolute__ 000000
__Labs1                                                   abs1         000000
__Lbank10                                                 bank10       000000
__Lbank11                                                 bank11       000000
__Lbank12                                                 bank12       000000
__Lbank13                                                 bank13       000000
__Lbank14                                                 bank14       000000
__Lbank15                                                 bank15       000000
__Lbank16                                                 bank16       000000
__Lbank17                                                 bank17       000000
__Lbank18                                                 bank18       000000
__Lbank19                                                 bank19       000000
__Lbank20                                                 bank20       000000
__Lbank21                                                 bank21       000000
__Lbank22                                                 bank22       000000
__Lbank23                                                 bank23       000000
__Lbank24                                                 bank24       000000
__Lbank25                                                 bank25       000000
__Lbank26                                                 bank26       000000
__Lbank27                                                 bank27       000000
__Lbank28                                                 bank28       000000
__Lbank29                                                 bank29       000000
__Lbank30                                                 bank30       000000
__Lbank31                                                 bank31       000000
__Lbank32                                                 bank32       000000
__Lbank33                                                 bank33       000000
__Lbank34                                                 bank34       000000
__Lbank35                                                 bank35       000000
__Lbank36                                                 bank36       000000
__Lbank5                                                  bank5        000000
__Lbank6                                                  bank6        000000
__Lbank7                                                  bank7        000000
__Lbank8                                                  bank8        000000
__Lbank9                                                  bank9        000000
__Lbigbss                                                 bigbss       000000
__Lbigdata                                                bigdata      000000
__Lbigram                                                 bigram       000000
__Lbigsfr                                                 bigsfr       000000
__Lbss                                                    bss          000000
__LbssCOMRAM                                              bssCOMRAM    000000
__Lcinit                                                  cinit        000000
__Lclrtext                                                clrtext      000000
__Lcomram                                                 comram       000000
__Lconfig                                                 config       000000
__Lconst                                                  const        000000
__LcstackCOMRAM                                           cstackCOMRAM 000000
__Ldata                                                   data         000000
__LdataBANK5                                              dataBANK5    000000
__LdataCOMRAM                                             dataCOMRAM   000000
__Leeprom_data                                            eeprom_data  000000
__Lfarbss                                                 farbss       000000
__Lfardata                                                fardata      000000
__Lheap                                                   heap         000000
__Libigdata                                               ibigdata     000000
__Lidata                                                  idata        000000
__LidataBANK5                                             idataBANK5   000000
__LidataCOMRAM                                            idataCOMRAM  000000
__Lidloc                                                  idloc        000000
__Lifardata                                               ifardata     000000
__Linit                                                   init         00001A
__Lintsave_regs                                           intsave_regs 000000
__Lirdata                                                 irdata       000000
__Livt0x8                                                 ivt0x8       000008
__Lmediumconst                                            mediumconst  000000
__LnvCOMRAM                                               nvCOMRAM     000000
__LnvFARRAM                                               nvFARRAM     000000
__Lnvbit                                                  nvbit        000000
__Lnvrram                                                 nvrram       000000
__Lparam                                                  rparam       000000
__Lpowerup                                                powerup      000000
__Lram                                                    ram          000000
__Lramtop                                                 ramtop       002600
__Lrbit                                                   rbit         000000
__Lrbss                                                   rbss         000000
__Lrdata                                                  rdata        000000
__Lreset_vec                                              reset_vec    000000
__Lrparam                                                 rparam       000000
__Lsfr                                                    sfr          000000
__Lsmallconst                                             smallconst   002600
__Lspace_0                                                (abs)        000000
__Lspace_1                                                (abs)        000000
__Lspace_2                                                (abs)        000000
__Lspace_4                                                (abs)        000000
__Lstack                                                  stack        000000
__Lstruct                                                 struct       000000
__Ltemp                                                   temp         000000
__Ltext                                                   text         000000
__Ltext0                                                  text0        000000
__Ltext1                                                  text1        000000
__Ltext10                                                 text10       000000
__Ltext11                                                 text11       000000
__Ltext12                                                 text12       000000
__Ltext13                                                 text13       000000
__Ltext14                                                 text14       000000
__Ltext15                                                 text15       000000
__Ltext16                                                 text16       000000
__Ltext17                                                 text17       000000
__Ltext18                                                 text18       000000
__Ltext19                                                 text19       000000
__Ltext2                                                  text2        000000
__Ltext20                                                 text20       000000
__Ltext21                                                 text21       000000
__Ltext22                                                 text22       000000
__Ltext23                                                 text23       000000
__Ltext24                                                 text24       000000
__Ltext25                                                 text25       000000
__Ltext26                                                 text26       000000
__Ltext3                                                  text3        000000
__Ltext4                                                  text4        000000
__Ltext5                                                  text5        000000
__Ltext6                                                  text6        000000
__Ltext7                                                  text7        000000
__Ltext8                                                  text8        000000
__Ltext9                                                  text9        000000
__S0                                                      (abs)        002D21
__S1                                                      (abs)        000585
__S4                                                      (abs)        000000
__S5                                                      (abs)        000000
___heap_hi                                                (abs)        000000
___heap_lo                                                (abs)        000000
___inthi_sp                                               stack        000000
___inthi_stack_hi                                         stack        000000
___inthi_stack_lo                                         stack        000000
___intlo_sp                                               stack        000000
___intlo_stack_hi                                         stack        000000
___intlo_stack_lo                                         stack        000000
___param_bank                                             (abs)        000000
___rparam_used                                            (abs)        000001
___sp                                                     stack        000000
___stack_hi                                               stack        000000
___stack_lo                                               stack        000000
__accesstop                                               (abs)        000560
__activetblptr                                            (abs)        000003
__end_of_CLOCK_Initialize                                 text17       002C9C
__end_of_INT0_SetInterruptHandler                         text16       002CEA
__end_of_INT1_SetInterruptHandler                         text15       002CDC
__end_of_INT2_SetInterruptHandler                         text14       002CCE
__end_of_INTERRUPT_Initialize                             text13       002AEE
__end_of_INTERRUPT_InterruptManager                       text22       002AAA
__end_of_PIN_MANAGER_IOC                                  text26       002CC0
__end_of_PIN_MANAGER_Initialize                           text12       0028A6
__end_of_SPI1_BufferExchange                              text8        002A54
__end_of_SPI1_BufferWrite                                 text6        0029FE
__end_of_SPI1_ByteWrite                                   text5        002BFE
__end_of_SPI1_Host                                        smallconst   00262B
__end_of_SPI1_Initialize                                  text19       002B6C
__end_of_SPI1_Open                                        text18       0027FC
__end_of_SPI1_RxCompleteCallbackRegister                  text21       002D06
__end_of_SPI1_TxCompleteCallbackRegister                  text20       002CF8
__end_of_SYSTEM_Initialize                                text10       002CAE
__end_of_TMR0_DefaultCallback                             text24       002D10
__end_of_TMR0_ISR                                         text23       002BD6
__end_of_TMR0_Initialize                                  text11       002C6A
__end_of_TMR0_Start                                       text9        002D16
__end_of_TMR0_Stop                                        text25       002D1C
__end_of__initialization                                  cinit        0029A2
__end_of_main                                             text0        002728
__end_of_nrf24_Initialize                                 text2        002948
__end_of_nrf24_ReadRegister                               text7        002BA4
__end_of_nrf24_WriteBuffer                                text4        002C48
__end_of_nrf24_WritePayload                               text1        002C88
__end_of_nrf24_WriteRegister                              text3        002B30
__end_of_spi1_configuration                               smallconst   00263A
__initialization                                          cinit        002948
__mediumconst                                             mediumconst  000000
__pbssCOMRAM                                              bssCOMRAM    000535
__pcinit                                                  cinit        002948
__pcstackCOMRAM                                           cstackCOMRAM 000501
__pdataBANK5                                              dataBANK5    000560
__pdataCOMRAM                                             dataCOMRAM   000558
__pidataBANK5                                             idataBANK5   002BFE
__pidataCOMRAM                                            idataCOMRAM  002D1C
__pivt0x8                                                 ivt0x8       000008
__pnvCOMRAM                                               nvCOMRAM     00054C
__psmallconst                                             smallconst   002600
__ptext0                                                  text0        00263C
__ptext1                                                  text1        002C6A
__ptext10                                                 text10       002C9C
__ptext11                                                 text11       002C48
__ptext12                                                 text12       0027FC
__ptext13                                                 text13       002AAA
__ptext14                                                 text14       002CC0
__ptext15                                                 text15       002CCE
__ptext16                                                 text16       002CDC
__ptext17                                                 text17       002C88
__ptext18                                                 text18       002728
__ptext19                                                 text19       002B30
__ptext2                                                  text2        0028A6
__ptext20                                                 text20       002CEA
__ptext21                                                 text21       002CF8
__ptext22                                                 text22       002A54
__ptext23                                                 text23       002BA4
__ptext24                                                 text24       002D06
__ptext25                                                 text25       002D16
__ptext26                                                 text26       002CAE
__ptext3                                                  text3        002AEE
__ptext4                                                  text4        002C24
__ptext5                                                  text5        002BD6
__ptext6                                                  text6        0029A8
__ptext7                                                  text7        002B6C
__ptext8                                                  text8        0029FE
__ptext9                                                  text9        002D10
__ramtop                                                  ramtop       002600
__smallconst                                              smallconst   002600
_irq_ready                                                bssCOMRAM    00054A
_main                                                     text0        00263C
_nrf24_Initialize                                         text2        0028A6
_nrf24_ReadRegister                                       text7        002B6C
_nrf24_WriteBuffer                                        text4        002C24
_nrf24_WritePayload                                       text1        002C6A
_nrf24_WriteRegister                                      text3        002AEE
_ready                                                    bssCOMRAM    000549
_spi1_configuration                                       smallconst   00262B
_spi1_descriptor                                          bssCOMRAM    000535
_tmr_done                                                 bssCOMRAM    00054B
end_of_initialization                                     cinit        0029A2
intlevel0                                                 text         000000
intlevel1                                                 text         000000
intlevel2                                                 text         000000
intlevel3                                                 text         000000
isa$std                                                   (abs)        000001
isa$xinst                                                 (abs)        000000
ivt0x8_base                                               ivt0x8       000008
main@F17296                                               dataBANK5    000560
main@counter                                              bssCOMRAM    000548
main@dataToSend2                                          cstackCOMRAM 000514
main@i                                                    cstackCOMRAM 000534
nrf24_Initialize@stat                                     cstackCOMRAM 000511
nrf24_ReadRegister@address                                cstackCOMRAM 00050A
nrf24_ReadRegister@buffer                                 cstackCOMRAM 00050C
nrf24_ReadRegister@fulladd                                cstackCOMRAM 00050B
nrf24_WriteBuffer@address                                 cstackCOMRAM 00050D
nrf24_WriteBuffer@buffer                                  cstackCOMRAM 00050A
nrf24_WriteBuffer@command                                 cstackCOMRAM 00050E
nrf24_WriteBuffer@size                                    cstackCOMRAM 00050C
nrf24_WritePayload@buffer                                 cstackCOMRAM 00050A
nrf24_WritePayload@size                                   cstackCOMRAM 00050C
nrf24_WriteRegister@address                               cstackCOMRAM 00050C
nrf24_WriteRegister@buffer                                cstackCOMRAM 00050E
nrf24_WriteRegister@fulladd                               cstackCOMRAM 00050D
nrf24_WriteRegister@value                                 cstackCOMRAM 00050A
stackhi                                                   (abs)        000000
stacklo                                                   (abs)        000000
start                                                     init         00001A
start_initialization                                      cinit        002948


MODULE INFORMATION

Module		Function		Class		Link	Load	Size
nrf24.c
		_nrf24_ReadRegister		CODE           	2B6C	0000	56
		_nrf24_WriteBuffer		CODE           	2C24	0000	36
		_nrf24_WritePayload		CODE           	2C6A	0000	30
		_nrf24_WriteRegister		CODE           	2AEE	0000	66
		_nrf24_Initialize		CODE           	28A6	0000	162

nrf24.c estimated size: 350

mcc_generated_files/system/src/interrupt.c
		_INT0_SetInterruptHandler		CODE           	2CDC	0000	14
		_INT1_SetInterruptHandler		CODE           	2CCE	0000	14
		_INT2_SetInterruptHandler		CODE           	2CC0	0000	14
		_INTERRUPT_Initialize		CODE           	2AAA	0000	68
		_INTERRUPT_InterruptManager		CODE           	2A54	0000	86

mcc_generated_files/system/src/interrupt.c estimated size: 196

mcc_generated_files/system/src/pins.c
		_PIN_MANAGER_Initialize		CODE           	27FC	0000	170
		_PIN_MANAGER_IOC		CODE           	2CAE	0000	18

mcc_generated_files/system/src/pins.c estimated size: 188

shared
		__initialization		CODE           	2948	0000	90
		_SPI1_Host     		SMALLCONST     	2601	0000	42
		_spi1_configuration		SMALLCONST     	262B	0000	15

shared estimated size: 147

mcc_generated_files/system/src/clock.c
		_CLOCK_Initialize		CODE           	2C88	0000	20

mcc_generated_files/system/src/clock.c estimated size: 20

mcc_generated_files/timer/src/tmr0.c
		_TMR0_DefaultCallback		CODE           	2D06	0000	10
		_TMR0_ISR      		CODE           	2BA4	0000	50
		_TMR0_Initialize		CODE           	2C48	0000	34
		_TMR0_Stop     		CODE           	2D16	0000	6
		_TMR0_Start    		CODE           	2D10	0000	6

mcc_generated_files/timer/src/tmr0.c estimated size: 106

main.c
		_main          		CODE           	263C	0000	236

main.c estimated size: 236

mcc_generated_files/system/src/system.c
		_SYSTEM_Initialize		CODE           	2C9C	0000	18

mcc_generated_files/system/src/system.c estimated size: 18

mcc_generated_files/spi/src/spi1.c
		_SPI1_TxCompleteCallbackRegister		CODE           	2CEA	0000	14
		_SPI1_BufferExchange		CODE           	29FE	0000	86
		_SPI1_RxCompleteCallbackRegister		CODE           	2CF8	0000	14
		_SPI1_ByteWrite		CODE           	2BD6	0000	40
		_SPI1_Open     		CODE           	2728	0000	212
		_SPI1_BufferWrite		CODE           	29A8	0000	86
		_SPI1_Initialize		CODE           	2B30	0000	60

mcc_generated_files/spi/src/spi1.c estimated size: 512

