Microchip MPLAB XC8 Compiler V2.50

Linker command line:

-W-3 \
  --edf=C:\Program Files\Microchip\xc8\v2.50\pic\dat\20240725155939_en.msgs \
  -pivt0x8=08h -cn -h+dist/default/production\nRF24_code.X.production.sym \
  --cmf=dist/default/production\nRF24_code.X.production.cmf -z -Q18F57Q43 \
  -oC:\Users\KACPER~1\AppData\Local\Temp\xcAsvhc.\driver_tmp_3.o \
  --defsym=__MPLAB_BUILD=1 --fixupoverflow=error \
  -Mdist/default/production/nRF24_code.X.production.map \
  --md=C:\Users\KACPER~1\AppData\Local\Temp\xcAsvhc.\driver_tmp_0.dat -E1 \
  -ver=XC8 Compiler --acfsm=1493 -ACODE=00h-01FFFFh -ACONST=00h-01FFFFh \
  -ASMALLCONST=02600h-026FFhx474 \
  -AMEDIUMCONST=02600h-0FFFFh,012600h-01FFFFh -ACOMRAM=0501h-055Fh \
  -AABS1=0500h-024FFh -ABIGRAM=0501h-024FFh \
  -ARAM=0560h-05FFh,0600h-06FFhx31 -ABANK5=0560h-05FFh -ABANK6=0600h-06FFh \
  -ABANK7=0700h-07FFh -ABANK8=0800h-08FFh -ABANK9=0900h-09FFh \
  -ABANK10=0A00h-0AFFh -ABANK11=0B00h-0BFFh -ABANK12=0C00h-0CFFh \
  -ABANK13=0D00h-0DFFh -ABANK14=0E00h-0EFFh -ABANK15=0F00h-0FFFh \
  -ABANK16=01000h-010FFh -ABANK17=01100h-011FFh -ABANK18=01200h-012FFh \
  -ABANK19=01300h-013FFh -ABANK20=01400h-014FFh -ABANK21=01500h-015FFh \
  -ABANK22=01600h-016FFh -ABANK23=01700h-017FFh -ABANK24=01800h-018FFh \
  -ABANK25=01900h-019FFh -ABANK26=01A00h-01AFFh -ABANK27=01B00h-01BFFh \
  -ABANK28=01C00h-01CFFh -ABANK29=01D00h-01DFFh -ABANK30=01E00h-01EFFh \
  -ABANK31=01F00h-01FFFh -ABANK32=02000h-020FFh -ABANK33=02100h-021FFh \
  -ABANK34=02200h-022FFh -ABANK35=02300h-023FFh -ABANK36=02400h-024FFh \
  -ASFR=00h-0FFhx4,0400h-045Fh,0460h-04FFh,02500h-025FFh \
  -ABIGSFR=00h-04FFh,02500h-025FFh -ACONFIG=0300000h-0300011h \
  -AIDLOC=0200000h-020003Fh -AEEDATA=0380000h-03803FFh -peeprom_data=EEDATA \
  -preset_vec=00h -ppowerup=CODE,init -pramtop=02600h \
  -psmallconst=SMALLCONST -pmediumconst=MEDIUMCONST -pconst=CONST \
  -AFARRAM=00h-00h \
  -prdata=COMRAM,nvrram=COMRAM,nvbit=COMRAM,rbss=COMRAM,rbit=COMRAM \
  -pfarbss=FARRAM,fardata=FARRAM,nvFARRAM=FARRAM \
  -pintsave_regs=BIGRAM,bigbss=BIGRAM,bigdata=BIGRAM -pbss=RAM \
  -pidata=CODE,irdata=CODE,ibigdata=CODE,ifardata=CODE -prparam=COMRAM \
  C:\Users\KACPER~1\AppData\Local\Temp\xcAsvhc.\driver_tmp_9.o \
  dist/default/production\nRF24_code.X.production.o 

Object code version is 3.11

Machine type is 18F57Q43



                Name                               Link     Load   Length Selector   Space Scale
C:\Users\KACPER~1\AppData\Local\Temp\xcAsvhc.\driver_tmp_9.o
                config                           300000   300000        A        0       4
                init                                 1A       1A        4        4       0
                reset_vec                             0        0        4        0       0
dist/default/production\nRF24_code.X.production.o
                config                           300000   300000        A        0       4
                smallconst                         2600     2600       3C     1300       0
                ivt0x8                                8        8       12        4       0
                text36                             2EF2     2EF2       16     131E       0
                text35                             2F8E     2F8E        6     131E       0
                text34                             2A28     2A28       72     131E       0
                text33                             2E1E     2E1E       32     131E       0
                text32                             2F94     2F94        4     131E       0
                text31                             2DEC     2DEC       32     131E       0
                text30                             2A9A     2A9A       66     131E       0
                text29                             2B60     2B60       60     131E       0
                text28                             2F88     2F88        6     131E       0
                text27                             2F82     2F82        6     131E       0
                text26                             2F6C     2F6C        A     131E       0
                text25                             2DBA     2DBA       32     131E       0
                text24                             263C     263C       EA     131E       0
                text23                             2F7C     2F7C        6     131E       0
                text22                             2F54     2F54        E     131E       0
                text21                             2F46     2F46        E     131E       0
                text20                             2D46     2D46       3C     131E       0
                text19                             2808     2808       D4     131E       0
                text18                             2B00     2B00       60     131E       0
                text17                             2F08     2F08       14     131E       0
                text16                             2F38     2F38        E     131E       0
                text15                             2F2A     2F2A        E     131E       0
                text14                             2F1C     2F1C        E     131E       0
                text13                             2CC0     2CC0       44     131E       0
                text12                             28DC     28DC       AA     131E       0
                text11                             2E9C     2E9C       22     131E       0
                text10                             2EDC     2EDC       16     131E       0
                text9                              2F76     2F76        6     131E       0
                text8                              2C16     2C16       56     131E       0
                text7                              2D82     2D82       38     131E       0
                text6                              2BC0     2BC0       56     131E       0
                text5                              2E50     2E50       28     131E       0
                text4                              2E78     2E78       24     131E       0
                text3                              2D04     2D04       42     131E       0
                text2                              2986     2986       A2     131E       0
                text1                              2EBE     2EBE       1E     131E       0
                text0                              2726     2726       E2     131E       0
                cstackCOMRAM                        51F      51F       18      501       1
                bssBIGRAM                          1D20     1D20      7E0     1D20       1
                dataCOMRAM                          546      546        A      501       1
                bssCOMRAM                           501      501       1E      501       1
                cinit                              2C6C     2C6C       54     131E       0
                nvCOMRAM                            537      537        F      501       1
                idataCOMRAM                        2F62     2F62        A     131E       0

TOTAL           Name                               Link     Load   Length     Space
        CLASS   CODE           
                init                                 1A       1A        4         0
                reset_vec                             0        0        4         0
                ivt0x8                                8        8       12         0
                text36                             2EF2     2EF2       16         0
                text35                             2F8E     2F8E        6         0
                text34                             2A28     2A28       72         0
                text33                             2E1E     2E1E       32         0
                text32                             2F94     2F94        4         0
                text31                             2DEC     2DEC       32         0
                text30                             2A9A     2A9A       66         0
                text29                             2B60     2B60       60         0
                text28                             2F88     2F88        6         0
                text27                             2F82     2F82        6         0
                text26                             2F6C     2F6C        A         0
                text25                             2DBA     2DBA       32         0
                text24                             263C     263C       EA         0
                text23                             2F7C     2F7C        6         0
                text22                             2F54     2F54        E         0
                text21                             2F46     2F46        E         0
                text20                             2D46     2D46       3C         0
                text19                             2808     2808       D4         0
                text18                             2B00     2B00       60         0
                text17                             2F08     2F08       14         0
                text16                             2F38     2F38        E         0
                text15                             2F2A     2F2A        E         0
                text14                             2F1C     2F1C        E         0
                text13                             2CC0     2CC0       44         0
                text12                             28DC     28DC       AA         0
                text11                             2E9C     2E9C       22         0
                text10                             2EDC     2EDC       16         0
                text9                              2F76     2F76        6         0
                text8                              2C16     2C16       56         0
                text7                              2D82     2D82       38         0
                text6                              2BC0     2BC0       56         0
                text5                              2E50     2E50       28         0
                text4                              2E78     2E78       24         0
                text3                              2D04     2D04       42         0
                text2                              2986     2986       A2         0
                text1                              2EBE     2EBE       1E         0
                text0                              2726     2726       E2         0
                cinit                              2C6C     2C6C       54         0
                idataCOMRAM                        2F62     2F62        A         0

        CLASS   CONST          

        CLASS   SMALLCONST     
                smallconst                         2600     2600       3C         0

        CLASS   MEDIUMCONST    

        CLASS   COMRAM         
                cstackCOMRAM                        51F      51F       18         1
                dataCOMRAM                          546      546        A         1
                bssCOMRAM                           501      501       1E         1
                nvCOMRAM                            537      537        F         1

        CLASS   ABS1           

        CLASS   BIGRAM         
                bssBIGRAM                          1D20     1D20      7E0         1

        CLASS   RAM            

        CLASS   BANK5          

        CLASS   BANK6          

        CLASS   BANK7          

        CLASS   BANK8          

        CLASS   BANK9          

        CLASS   BANK10         

        CLASS   BANK11         

        CLASS   BANK12         

        CLASS   BANK13         

        CLASS   BANK14         

        CLASS   BANK15         

        CLASS   BANK16         

        CLASS   BANK17         

        CLASS   BANK18         

        CLASS   BANK19         

        CLASS   BANK20         

        CLASS   BANK21         

        CLASS   BANK22         

        CLASS   BANK23         

        CLASS   BANK24         

        CLASS   BANK25         

        CLASS   BANK26         

        CLASS   BANK27         

        CLASS   BANK28         

        CLASS   BANK29         

        CLASS   BANK30         

        CLASS   BANK31         

        CLASS   BANK32         

        CLASS   BANK33         

        CLASS   BANK34         

        CLASS   BANK35         

        CLASS   BANK36         

        CLASS   SFR            

        CLASS   BIGSFR         

        CLASS   CONFIG         
                config                           300000   300000        A         4

        CLASS   IDLOC          

        CLASS   EEDATA         

        CLASS   FARRAM         

        CLASS   HEAP           

        CLASS   STACK          



SEGMENTS        Name                           Load    Length   Top    Selector   Space  Class

                reset_vec                      000000  000004  000004         0       0  CODE    
                ivt0x8                         000008  000016  00001E         4       0  CODE    
                bssCOMRAM                      000501  00004F  000550       501       1  COMRAM  
                bssBIGRAM                      001D20  0007E0  002500      1D20       1  BIGRAM  
                smallconst                     002600  00003C  00263C      1300       0  SMALLCON
                text24                         00263C  00095C  002F98      131E       0  CODE    


UNUSED ADDRESS RANGES

        Name                Unused          Largest block    Delta
        BANK10           000A00-000AFF              100
        BANK11           000B00-000BFF              100
        BANK12           000C00-000CFF              100
        BANK13           000D00-000DFF              100
        BANK14           000E00-000EFF              100
        BANK15           000F00-000FFF              100
        BANK16           001000-0010FF              100
        BANK17           001100-0011FF              100
        BANK18           001200-0012FF              100
        BANK19           001300-0013FF              100
        BANK20           001400-0014FF              100
        BANK21           001500-0015FF              100
        BANK22           001600-0016FF              100
        BANK23           001700-0017FF              100
        BANK24           001800-0018FF              100
        BANK25           001900-0019FF              100
        BANK26           001A00-001AFF              100
        BANK27           001B00-001BFF              100
        BANK28           001C00-001CFF              100
        BANK29           001D00-001D1F               20
        BANK5            000560-0005FF               A0
        BANK6            000600-0006FF              100
        BANK7            000700-0007FF              100
        BANK8            000800-0008FF              100
        BANK9            000900-0009FF              100
        BIGRAM           000550-001D1F             17D0
        BIGSFR           000000-0004FF              500
                         002500-0025FF              100
        CODE             000004-000007                4
                         00001E-0025FF             25E2
                         002F98-01FFFF            1D068
        COMRAM           000550-00055F               10
        CONFIG           30000A-300011                8
        CONST            000004-000007                4
                         00001E-0025FF             25E2
                         002F98-01FFFF            1D068
        EEDATA           380000-3803FF              400
        IDLOC            200000-20003F               40
        MEDIUMCONST      002F98-00FFFF             D068
                         012600-01FFFF             DA00
        RAM              000560-001D1F              100
        SFR              000000-0004FF              100
                         002500-0025FF              100
        SMALLCONST       002F98-01FFFF              100

                                  Symbol Table

?_ADC_ConversionResultGet                                 cstackCOMRAM 00051F
INT0_SetInterruptHandler@InterruptHandler                 cstackCOMRAM 000527
INT1_SetInterruptHandler@InterruptHandler                 cstackCOMRAM 000527
INT2_SetInterruptHandler@InterruptHandler                 cstackCOMRAM 000527
IVTBASEH                                                  (abs)        00045E
IVTBASEL                                                  (abs)        00045D
IVTBASEU                                                  (abs)        00045F
PIN_MANAGER_IOC@temp                                      cstackCOMRAM 00051F
SPI1_BufferExchange@bufferData                            cstackCOMRAM 000527
SPI1_BufferExchange@bufferInput                           cstackCOMRAM 00052B
SPI1_BufferExchange@bufferSize                            cstackCOMRAM 000529
SPI1_BufferWrite@bufferData                               cstackCOMRAM 000527
SPI1_BufferWrite@bufferInput                              cstackCOMRAM 00052B
SPI1_BufferWrite@bufferSize                               cstackCOMRAM 000529
SPI1_ByteWrite@byteData                                   cstackCOMRAM 000527
SPI1_Open@spiConfigIndex                                  cstackCOMRAM 000529
SPI1_RxCompleteCallbackRegister@rxCompleteCallbackHandler cstackCOMRAM 000527
SPI1_TxCompleteCallbackRegister@txCompleteCallbackHandler cstackCOMRAM 000527
_ACTCON                                                   (abs)        0000AC
_ADACCH                                                   (abs)        0003E4
_ADACCL                                                   (abs)        0003E3
_ADACCU                                                   (abs)        0003E5
_ADACQH                                                   (abs)        0003EF
_ADACQL                                                   (abs)        0003EE
_ADACT                                                    (abs)        0003F9
_ADCAP                                                    (abs)        0003F0
_ADCLK                                                    (abs)        0003FA
_ADCNT                                                    (abs)        0003E6
_ADCON0                                                   (abs)        0003F3
_ADCON0bits                                               (abs)        0003F3
_ADCON1                                                   (abs)        0003F4
_ADCON1bits                                               (abs)        0003F4
_ADCON2                                                   (abs)        0003F5
_ADCON2bits                                               (abs)        0003F5
_ADCON3                                                   (abs)        0003F6
_ADCON3bits                                               (abs)        0003F6
_ADCP                                                     (abs)        0003D8
_ADCPbits                                                 (abs)        0003D8
_ADC_ConversionDoneCallback                               nvCOMRAM     000543
_ADC_ConversionResultGet                                  text36       002EF2
_ADC_ConversionStart                                      text28       002F88
_ADC_Enable                                               text23       002F7C
_ADC_ISR                                                  text33       002E1E
_ADC_Initialize                                           text18       002B00
_ADC_ThresholdCallback                                    bssCOMRAM    000510
_ADC_ThresholdISR                                         text32       002F94
_ADERRH                                                   (abs)        0003DE
_ADERRL                                                   (abs)        0003DD
_ADFLTRH                                                  (abs)        0003E2
_ADFLTRL                                                  (abs)        0003E1
_ADLTHH                                                   (abs)        0003DA
_ADLTHL                                                   (abs)        0003D9
_ADPCH                                                    (abs)        0003EC
_ADPREH                                                   (abs)        0003F2
_ADPREL                                                   (abs)        0003F1
_ADPREVH                                                  (abs)        0003E9
_ADPREVL                                                  (abs)        0003E8
_ADREF                                                    (abs)        0003F8
_ADRESH                                                   (abs)        0003EB
_ADRESL                                                   (abs)        0003EA
_ADRPT                                                    (abs)        0003E7
_ADSTAT                                                   (abs)        0003F7
_ADSTATbits                                               (abs)        0003F7
_ADSTPTH                                                  (abs)        0003E0
_ADSTPTL                                                  (abs)        0003DF
_ADUTHH                                                   (abs)        0003DC
_ADUTHL                                                   (abs)        0003DB
_ANSELA                                                   (abs)        000400
_ANSELAbits                                               (abs)        000400
_ANSELB                                                   (abs)        000408
_ANSELBbits                                               (abs)        000408
_ANSELC                                                   (abs)        000410
_ANSELD                                                   (abs)        000418
_ANSELE                                                   (abs)        000420
_ANSELF                                                   (abs)        000428
_CLOCK_Initialize                                         text17       002F08
_INLVLA                                                   (abs)        000404
_INLVLB                                                   (abs)        00040C
_INLVLC                                                   (abs)        000414
_INLVLD                                                   (abs)        00041C
_INLVLE                                                   (abs)        000424
_INLVLF                                                   (abs)        00042C
_INT0_DefaultInterruptHandler                             (abs)        000000
_INT0_InterruptHandler                                    nvCOMRAM     000540
_INT0_SetInterruptHandler                                 text16       002F38
_INT1_DefaultInterruptHandler                             (abs)        000000
_INT1_InterruptHandler                                    nvCOMRAM     00053D
_INT1_SetInterruptHandler                                 text15       002F2A
_INT2_DefaultInterruptHandler                             (abs)        000000
_INT2_InterruptHandler                                    nvCOMRAM     00053A
_INT2_SetInterruptHandler                                 text14       002F1C
_INTCON0bits                                              (abs)        0004D6
_INTERRUPT_Initialize                                     text13       002CC0
_INTERRUPT_InterruptManager                               text24       00263C
_IOCAF                                                    (abs)        000407
_IOCAN                                                    (abs)        000406
_IOCAP                                                    (abs)        000405
_IOCBF                                                    (abs)        00040F
_IOCBN                                                    (abs)        00040E
_IOCBNbits                                                (abs)        00040E
_IOCBP                                                    (abs)        00040D
_IOCCF                                                    (abs)        000417
_IOCCN                                                    (abs)        000416
_IOCCP                                                    (abs)        000415
_IOCEF                                                    (abs)        000427
_IOCEN                                                    (abs)        000426
_IOCEP                                                    (abs)        000425
_LATA                                                     (abs)        0004BE
_LATAbits                                                 (abs)        0004BE
_LATB                                                     (abs)        0004BF
_LATC                                                     (abs)        0004C0
_LATD                                                     (abs)        0004C1
_LATE                                                     (abs)        0004C2
_LATF                                                     (abs)        0004C3
_LATFbits                                                 (abs)        0004C3
_ODCONA                                                   (abs)        000402
_ODCONB                                                   (abs)        00040A
_ODCONC                                                   (abs)        000412
_ODCOND                                                   (abs)        00041A
_ODCONE                                                   (abs)        000422
_ODCONF                                                   (abs)        00042A
_OSCCON1                                                  (abs)        0000AD
_OSCCON3                                                  (abs)        0000AF
_OSCEN                                                    (abs)        0000B3
_OSCFRQ                                                   (abs)        0000B1
_OSCTUNE                                                  (abs)        0000B0
_PIE0bits                                                 (abs)        00049E
_PIE1bits                                                 (abs)        00049F
_PIE2bits                                                 (abs)        0004A0
_PIE3bits                                                 (abs)        0004A1
_PIN_MANAGER_IOC                                          text31       002DEC
_PIN_MANAGER_Initialize                                   text12       0028DC
_PIR0bits                                                 (abs)        0004AE
_PIR10bits                                                (abs)        0004B8
_PIR1bits                                                 (abs)        0004AF
_PIR2bits                                                 (abs)        0004B0
_PIR3bits                                                 (abs)        0004B1
_PIR6bits                                                 (abs)        0004B4
_RB1I2C                                                   (abs)        000289
_RB2I2C                                                   (abs)        000288
_RC3I2C                                                   (abs)        000287
_RC3PPS                                                   (abs)        000214
_RC4I2C                                                   (abs)        000286
_RC4PPS                                                   (abs)        000215
_RXPIPE0                                                  dataCOMRAM   000546
_SLRCONA                                                  (abs)        000403
_SLRCONB                                                  (abs)        00040B
_SLRCONC                                                  (abs)        000413
_SLRCOND                                                  (abs)        00041B
_SLRCONE                                                  (abs)        000423
_SLRCONF                                                  (abs)        00042B
_SPI1BAUD                                                 (abs)        000089
_SPI1CLK                                                  (abs)        00008C
_SPI1CON0                                                 (abs)        000084
_SPI1CON0bits                                             (abs)        000084
_SPI1CON1                                                 (abs)        000085
_SPI1CON1bits                                             (abs)        000085
_SPI1CON2                                                 (abs)        000086
_SPI1RXB                                                  (abs)        000080
_SPI1SCKPPS                                               (abs)        00026A
_SPI1SDIPPS                                               (abs)        00026B
_SPI1STATUSbits                                           (abs)        000087
_SPI1TCNTH                                                (abs)        000083
_SPI1TCNTL                                                (abs)        000082
_SPI1TXB                                                  (abs)        000081
_SPI1_BufferExchange                                      text8        002C16
_SPI1_BufferRead                                          (abs)        000000
_SPI1_BufferWrite                                         text6        002BC0
_SPI1_ByteExchange                                        (abs)        000000
_SPI1_ByteRead                                            (abs)        000000
_SPI1_ByteWrite                                           text5        002E50
_SPI1_Close                                               (abs)        000000
_SPI1_Deinitialize                                        (abs)        000000
_SPI1_Host                                                smallconst   002601
_SPI1_Initialize                                          text20       002D46
_SPI1_IsRxReady                                           (abs)        000000
_SPI1_IsTxReady                                           (abs)        000000
_SPI1_Open                                                text19       002808
_SPI1_Receive_ISR                                         text30       002A9A
_SPI1_RxCompleteCallback                                  bssCOMRAM    00050D
_SPI1_RxCompleteCallbackRegister                          text22       002F54
_SPI1_Transmit_ISR                                        text29       002B60
_SPI1_TxCompleteCallback                                  bssCOMRAM    00050A
_SPI1_TxCompleteCallbackRegister                          text21       002F46
_SYSTEM_Initialize                                        text10       002EDC
_T0CON0                                                   (abs)        00031A
_T0CON0bits                                               (abs)        00031A
_T0CON1                                                   (abs)        00031B
_TMR0H                                                    (abs)        000319
_TMR0L                                                    (abs)        000318
_TMR0_DefaultCallback                                     text26       002F6C
_TMR0_ISR                                                 text25       002DBA
_TMR0_Initialize                                          text11       002E9C
_TMR0_PeriodMatchCallback                                 nvCOMRAM     000537
_TMR0_Start                                               text9        002F76
_TMR0_Stop                                                text27       002F82
_TRISA                                                    (abs)        0004C6
_TRISAbits                                                (abs)        0004C6
_TRISB                                                    (abs)        0004C7
_TRISBbits                                                (abs)        0004C7
_TRISC                                                    (abs)        0004C8
_TRISCbits                                                (abs)        0004C8
_TRISD                                                    (abs)        0004C9
_TRISE                                                    (abs)        0004CA
_TRISF                                                    (abs)        0004CB
_TXPIPE0                                                  dataCOMRAM   00054B
_WPUA                                                     (abs)        000401
_WPUB                                                     (abs)        000409
_WPUBbits                                                 (abs)        000409
_WPUC                                                     (abs)        000411
_WPUD                                                     (abs)        000419
_WPUE                                                     (abs)        000421
_WPUF                                                     (abs)        000429
__HRAM                                                    (abs)        000000
__H__absolute__                                           __absolute__ 000000
__Habs1                                                   abs1         000000
__Hbank10                                                 bank10       000000
__Hbank11                                                 bank11       000000
__Hbank12                                                 bank12       000000
__Hbank13                                                 bank13       000000
__Hbank14                                                 bank14       000000
__Hbank15                                                 bank15       000000
__Hbank16                                                 bank16       000000
__Hbank17                                                 bank17       000000
__Hbank18                                                 bank18       000000
__Hbank19                                                 bank19       000000
__Hbank20                                                 bank20       000000
__Hbank21                                                 bank21       000000
__Hbank22                                                 bank22       000000
__Hbank23                                                 bank23       000000
__Hbank24                                                 bank24       000000
__Hbank25                                                 bank25       000000
__Hbank26                                                 bank26       000000
__Hbank27                                                 bank27       000000
__Hbank28                                                 bank28       000000
__Hbank29                                                 bank29       000000
__Hbank30                                                 bank30       000000
__Hbank31                                                 bank31       000000
__Hbank32                                                 bank32       000000
__Hbank33                                                 bank33       000000
__Hbank34                                                 bank34       000000
__Hbank35                                                 bank35       000000
__Hbank36                                                 bank36       000000
__Hbank5                                                  bank5        000000
__Hbank6                                                  bank6        000000
__Hbank7                                                  bank7        000000
__Hbank8                                                  bank8        000000
__Hbank9                                                  bank9        000000
__Hbigbss                                                 bigbss       000000
__Hbigdata                                                bigdata      000000
__Hbigram                                                 bigram       000000
__Hbigsfr                                                 bigsfr       000000
__Hbss                                                    bss          000000
__HbssBIGRAM                                              bssBIGRAM    000000
__HbssCOMRAM                                              bssCOMRAM    000000
__Hcinit                                                  cinit        000000
__Hclrtext                                                clrtext      000000
__Hcomram                                                 comram       000000
__Hconfig                                                 config       30000A
__Hconst                                                  const        000000
__HcstackCOMRAM                                           cstackCOMRAM 000000
__Hdata                                                   data         000000
__HdataCOMRAM                                             dataCOMRAM   000000
__Heeprom_data                                            eeprom_data  000000
__Hfarbss                                                 farbss       000000
__Hfardata                                                fardata      000000
__Hheap                                                   heap         000000
__Hibigdata                                               ibigdata     000000
__Hidata                                                  idata        000000
__HidataCOMRAM                                            idataCOMRAM  000000
__Hidloc                                                  idloc        000000
__Hifardata                                               ifardata     000000
__Hinit                                                   init         00001E
__Hintsave_regs                                           intsave_regs 000000
__Hirdata                                                 irdata       000000
__Hivt0x8                                                 ivt0x8       00001A
__Hmediumconst                                            mediumconst  000000
__HnvCOMRAM                                               nvCOMRAM     000000
__HnvFARRAM                                               nvFARRAM     000000
__Hnvbit                                                  nvbit        000000
__Hnvrram                                                 nvrram       000000
__Hparam                                                  rparam       000000
__Hpowerup                                                powerup      000000
__Hram                                                    ram          000000
__Hramtop                                                 ramtop       002600
__Hrbit                                                   rbit         000000
__Hrbss                                                   rbss         000000
__Hrdata                                                  rdata        000000
__Hreset_vec                                              reset_vec    000004
__Hrparam                                                 rparam       000000
__Hsfr                                                    sfr          000000
__Hsmallconst                                             smallconst   00263C
__Hspace_0                                                (abs)        002F98
__Hspace_1                                                (abs)        002500
__Hspace_2                                                (abs)        000000
__Hspace_4                                                (abs)        60000A
__Hstack                                                  stack        000000
__Hstruct                                                 struct       000000
__Htemp                                                   temp         000000
__Htext                                                   text         000000
__Htext0                                                  text0        000000
__Htext1                                                  text1        000000
__Htext10                                                 text10       000000
__Htext11                                                 text11       000000
__Htext12                                                 text12       000000
__Htext13                                                 text13       000000
__Htext14                                                 text14       000000
__Htext15                                                 text15       000000
__Htext16                                                 text16       000000
__Htext17                                                 text17       000000
__Htext18                                                 text18       000000
__Htext19                                                 text19       000000
__Htext2                                                  text2        000000
__Htext20                                                 text20       000000
__Htext21                                                 text21       000000
__Htext22                                                 text22       000000
__Htext23                                                 text23       000000
__Htext24                                                 text24       000000
__Htext25                                                 text25       000000
__Htext26                                                 text26       000000
__Htext27                                                 text27       000000
__Htext28                                                 text28       000000
__Htext29                                                 text29       000000
__Htext3                                                  text3        000000
__Htext30                                                 text30       000000
__Htext31                                                 text31       000000
__Htext32                                                 text32       000000
__Htext33                                                 text33       000000
__Htext34                                                 text34       000000
__Htext35                                                 text35       000000
__Htext36                                                 text36       000000
__Htext4                                                  text4        000000
__Htext5                                                  text5        000000
__Htext6                                                  text6        000000
__Htext7                                                  text7        000000
__Htext8                                                  text8        000000
__Htext9                                                  text9        000000
__LRAM                                                    (abs)        000001
__L__absolute__                                           __absolute__ 000000
__Labs1                                                   abs1         000000
__Lbank10                                                 bank10       000000
__Lbank11                                                 bank11       000000
__Lbank12                                                 bank12       000000
__Lbank13                                                 bank13       000000
__Lbank14                                                 bank14       000000
__Lbank15                                                 bank15       000000
__Lbank16                                                 bank16       000000
__Lbank17                                                 bank17       000000
__Lbank18                                                 bank18       000000
__Lbank19                                                 bank19       000000
__Lbank20                                                 bank20       000000
__Lbank21                                                 bank21       000000
__Lbank22                                                 bank22       000000
__Lbank23                                                 bank23       000000
__Lbank24                                                 bank24       000000
__Lbank25                                                 bank25       000000
__Lbank26                                                 bank26       000000
__Lbank27                                                 bank27       000000
__Lbank28                                                 bank28       000000
__Lbank29                                                 bank29       000000
__Lbank30                                                 bank30       000000
__Lbank31                                                 bank31       000000
__Lbank32                                                 bank32       000000
__Lbank33                                                 bank33       000000
__Lbank34                                                 bank34       000000
__Lbank35                                                 bank35       000000
__Lbank36                                                 bank36       000000
__Lbank5                                                  bank5        000000
__Lbank6                                                  bank6        000000
__Lbank7                                                  bank7        000000
__Lbank8                                                  bank8        000000
__Lbank9                                                  bank9        000000
__Lbigbss                                                 bigbss       000000
__Lbigdata                                                bigdata      000000
__Lbigram                                                 bigram       000000
__Lbigsfr                                                 bigsfr       000000
__Lbss                                                    bss          000000
__LbssBIGRAM                                              bssBIGRAM    000000
__LbssCOMRAM                                              bssCOMRAM    000000
__Lcinit                                                  cinit        000000
__Lclrtext                                                clrtext      000000
__Lcomram                                                 comram       000000
__Lconfig                                                 config       000000
__Lconst                                                  const        000000
__LcstackCOMRAM                                           cstackCOMRAM 000000
__Ldata                                                   data         000000
__LdataCOMRAM                                             dataCOMRAM   000000
__Leeprom_data                                            eeprom_data  000000
__Lfarbss                                                 farbss       000000
__Lfardata                                                fardata      000000
__Lheap                                                   heap         000000
__Libigdata                                               ibigdata     000000
__Lidata                                                  idata        000000
__LidataCOMRAM                                            idataCOMRAM  000000
__Lidloc                                                  idloc        000000
__Lifardata                                               ifardata     000000
__Linit                                                   init         00001A
__Lintsave_regs                                           intsave_regs 000000
__Lirdata                                                 irdata       000000
__Livt0x8                                                 ivt0x8       000008
__Lmediumconst                                            mediumconst  000000
__LnvCOMRAM                                               nvCOMRAM     000000
__LnvFARRAM                                               nvFARRAM     000000
__Lnvbit                                                  nvbit        000000
__Lnvrram                                                 nvrram       000000
__Lparam                                                  rparam       000000
__Lpowerup                                                powerup      000000
__Lram                                                    ram          000000
__Lramtop                                                 ramtop       002600
__Lrbit                                                   rbit         000000
__Lrbss                                                   rbss         000000
__Lrdata                                                  rdata        000000
__Lreset_vec                                              reset_vec    000000
__Lrparam                                                 rparam       000000
__Lsfr                                                    sfr          000000
__Lsmallconst                                             smallconst   002600
__Lspace_0                                                (abs)        000000
__Lspace_1                                                (abs)        000000
__Lspace_2                                                (abs)        000000
__Lspace_4                                                (abs)        000000
__Lstack                                                  stack        000000
__Lstruct                                                 struct       000000
__Ltemp                                                   temp         000000
__Ltext                                                   text         000000
__Ltext0                                                  text0        000000
__Ltext1                                                  text1        000000
__Ltext10                                                 text10       000000
__Ltext11                                                 text11       000000
__Ltext12                                                 text12       000000
__Ltext13                                                 text13       000000
__Ltext14                                                 text14       000000
__Ltext15                                                 text15       000000
__Ltext16                                                 text16       000000
__Ltext17                                                 text17       000000
__Ltext18                                                 text18       000000
__Ltext19                                                 text19       000000
__Ltext2                                                  text2        000000
__Ltext20                                                 text20       000000
__Ltext21                                                 text21       000000
__Ltext22                                                 text22       000000
__Ltext23                                                 text23       000000
__Ltext24                                                 text24       000000
__Ltext25                                                 text25       000000
__Ltext26                                                 text26       000000
__Ltext27                                                 text27       000000
__Ltext28                                                 text28       000000
__Ltext29                                                 text29       000000
__Ltext3                                                  text3        000000
__Ltext30                                                 text30       000000
__Ltext31                                                 text31       000000
__Ltext32                                                 text32       000000
__Ltext33                                                 text33       000000
__Ltext34                                                 text34       000000
__Ltext35                                                 text35       000000
__Ltext36                                                 text36       000000
__Ltext4                                                  text4        000000
__Ltext5                                                  text5        000000
__Ltext6                                                  text6        000000
__Ltext7                                                  text7        000000
__Ltext8                                                  text8        000000
__Ltext9                                                  text9        000000
__S0                                                      (abs)        002F98
__S1                                                      (abs)        002500
__S4                                                      (abs)        000000
__S5                                                      (abs)        000000
___heap_hi                                                (abs)        000000
___heap_lo                                                (abs)        000000
___inthi_sp                                               stack        000000
___inthi_stack_hi                                         stack        000000
___inthi_stack_lo                                         stack        000000
___intlo_sp                                               stack        000000
___intlo_stack_hi                                         stack        000000
___intlo_stack_lo                                         stack        000000
___param_bank                                             (abs)        000000
___rparam_used                                            (abs)        000001
___sp                                                     stack        000000
___stack_hi                                               stack        000000
___stack_lo                                               stack        000000
__accesstop                                               (abs)        000560
__activetblptr                                            (abs)        000003
__end_of_ADC_ConversionResultGet                          text36       002F08
__end_of_ADC_ConversionStart                              text28       002F8E
__end_of_ADC_Enable                                       text23       002F82
__end_of_ADC_ISR                                          text33       002E50
__end_of_ADC_Initialize                                   text18       002B60
__end_of_ADC_ThresholdISR                                 text32       002F98
__end_of_CLOCK_Initialize                                 text17       002F1C
__end_of_INT0_SetInterruptHandler                         text16       002F46
__end_of_INT1_SetInterruptHandler                         text15       002F38
__end_of_INT2_SetInterruptHandler                         text14       002F2A
__end_of_INTERRUPT_Initialize                             text13       002D04
__end_of_INTERRUPT_InterruptManager                       text24       002726
__end_of_PIN_MANAGER_IOC                                  text31       002E1E
__end_of_PIN_MANAGER_Initialize                           text12       002986
__end_of_SPI1_BufferExchange                              text8        002C6C
__end_of_SPI1_BufferWrite                                 text6        002C16
__end_of_SPI1_ByteWrite                                   text5        002E78
__end_of_SPI1_Host                                        smallconst   00262B
__end_of_SPI1_Initialize                                  text20       002D82
__end_of_SPI1_Open                                        text19       0028DC
__end_of_SPI1_Receive_ISR                                 text30       002B00
__end_of_SPI1_RxCompleteCallbackRegister                  text22       002F62
__end_of_SPI1_Transmit_ISR                                text29       002BC0
__end_of_SPI1_TxCompleteCallbackRegister                  text21       002F54
__end_of_SYSTEM_Initialize                                text10       002EF2
__end_of_TMR0_DefaultCallback                             text26       002F76
__end_of_TMR0_ISR                                         text25       002DEC
__end_of_TMR0_Initialize                                  text11       002EBE
__end_of_TMR0_Start                                       text9        002F7C
__end_of_TMR0_Stop                                        text27       002F88
__end_of__initialization                                  cinit        002CBA
__end_of_main                                             text0        002808
__end_of_nrf24_Initialize                                 text2        002A28
__end_of_nrf24_ReadRegister                               text7        002DBA
__end_of_nrf24_WriteBuffer                                text4        002E9C
__end_of_nrf24_WritePayload                               text1        002EDC
__end_of_nrf24_WriteRegister                              text3        002D46
__end_of_saveMicData                                      text34       002A9A
__end_of_spi1_configuration                               smallconst   00263A
__end_ofi2_TMR0_Start                                     text35       002F94
__initialization                                          cinit        002C6C
__mediumconst                                             mediumconst  000000
__pbssBIGRAM                                              bssBIGRAM    001D20
__pbssCOMRAM                                              bssCOMRAM    000501
__pcinit                                                  cinit        002C6C
__pcstackCOMRAM                                           cstackCOMRAM 00051F
__pdataCOMRAM                                             dataCOMRAM   000546
__pidataCOMRAM                                            idataCOMRAM  002F62
__pivt0x8                                                 ivt0x8       000008
__pnvCOMRAM                                               nvCOMRAM     000537
__psmallconst                                             smallconst   002600
__ptext0                                                  text0        002726
__ptext1                                                  text1        002EBE
__ptext10                                                 text10       002EDC
__ptext11                                                 text11       002E9C
__ptext12                                                 text12       0028DC
__ptext13                                                 text13       002CC0
__ptext14                                                 text14       002F1C
__ptext15                                                 text15       002F2A
__ptext16                                                 text16       002F38
__ptext17                                                 text17       002F08
__ptext18                                                 text18       002B00
__ptext19                                                 text19       002808
__ptext2                                                  text2        002986
__ptext20                                                 text20       002D46
__ptext21                                                 text21       002F46
__ptext22                                                 text22       002F54
__ptext23                                                 text23       002F7C
__ptext24                                                 text24       00263C
__ptext25                                                 text25       002DBA
__ptext26                                                 text26       002F6C
__ptext27                                                 text27       002F82
__ptext28                                                 text28       002F88
__ptext29                                                 text29       002B60
__ptext3                                                  text3        002D04
__ptext30                                                 text30       002A9A
__ptext31                                                 text31       002DEC
__ptext32                                                 text32       002F94
__ptext33                                                 text33       002E1E
__ptext34                                                 text34       002A28
__ptext35                                                 text35       002F8E
__ptext36                                                 text36       002EF2
__ptext4                                                  text4        002E78
__ptext5                                                  text5        002E50
__ptext6                                                  text6        002BC0
__ptext7                                                  text7        002D82
__ptext8                                                  text8        002C16
__ptext9                                                  text9        002F76
__ramtop                                                  ramtop       002600
__smallconst                                              smallconst   002600
_adc_busy_status                                          bssCOMRAM    00051A
_counter                                                  bssCOMRAM    000517
_done                                                     bssCOMRAM    00051C
_irq_ready                                                bssCOMRAM    00051D
_main                                                     text0        002726
_micData                                                  bssBIGRAM    001D20
_nrf24_Initialize                                         text2        002986
_nrf24_ReadRegister                                       text7        002D82
_nrf24_WriteBuffer                                        text4        002E78
_nrf24_WritePayload                                       text1        002EBE
_nrf24_WriteRegister                                      text3        002D04
_ready                                                    bssCOMRAM    00051E
_saveMicData                                              text34       002A28
_spi1_configuration                                       smallconst   00262B
_spi1_descriptor                                          bssCOMRAM    000501
_transmitted                                              bssCOMRAM    00051B
end_of_initialization                                     cinit        002CBA
i2_TMR0_Start                                             text35       002F8E
intlevel0                                                 text         000000
intlevel1                                                 text         000000
intlevel2                                                 text         000000
intlevel3                                                 text         000000
isa$std                                                   (abs)        000001
isa$xinst                                                 (abs)        000000
ivt0x8_base                                               ivt0x8       000008
main@index                                                bssCOMRAM    000519
nrf24_Initialize@stat                                     cstackCOMRAM 000534
nrf24_ReadRegister@address                                cstackCOMRAM 00052D
nrf24_ReadRegister@buffer                                 cstackCOMRAM 00052F
nrf24_ReadRegister@fulladd                                cstackCOMRAM 00052E
nrf24_WriteBuffer@address                                 cstackCOMRAM 000530
nrf24_WriteBuffer@buffer                                  cstackCOMRAM 00052D
nrf24_WriteBuffer@command                                 cstackCOMRAM 000531
nrf24_WriteBuffer@size                                    cstackCOMRAM 00052F
nrf24_WritePayload@buffer                                 cstackCOMRAM 00052D
nrf24_WritePayload@size                                   cstackCOMRAM 00052F
nrf24_WriteRegister@address                               cstackCOMRAM 00052F
nrf24_WriteRegister@buffer                                cstackCOMRAM 000531
nrf24_WriteRegister@fulladd                               cstackCOMRAM 000530
nrf24_WriteRegister@value                                 cstackCOMRAM 00052D
saveMicData@res                                           cstackCOMRAM 000524
stackhi                                                   (abs)        000000
stacklo                                                   (abs)        000000
start                                                     init         00001A
start_initialization                                      cinit        002C6C


MODULE INFORMATION

Module		Function		Class		Link	Load	Size
nrf24.c
		_nrf24_ReadRegister		CODE           	2D82	0000	56
		_nrf24_WriteBuffer		CODE           	2E78	0000	36
		_nrf24_WritePayload		CODE           	2EBE	0000	30
		_nrf24_WriteRegister		CODE           	2D04	0000	66
		_nrf24_Initialize		CODE           	2986	0000	162

nrf24.c estimated size: 350

mcc_generated_files/system/src/interrupt.c
		_INT0_SetInterruptHandler		CODE           	2F38	0000	14
		_INT1_SetInterruptHandler		CODE           	2F2A	0000	14
		_INT2_SetInterruptHandler		CODE           	2F1C	0000	14
		_INTERRUPT_Initialize		CODE           	2CC0	0000	68
		_INTERRUPT_InterruptManager		CODE           	263C	0000	234

mcc_generated_files/system/src/interrupt.c estimated size: 344

mcc_generated_files/adc/src/adc.c
		_ADC_Initialize		CODE           	2B00	0000	96
		_ADC_ConversionStart		CODE           	2F88	0000	6
		_saveMicData   		CODE           	2A28	0000	114
		_ADC_Enable    		CODE           	2F7C	0000	6
		_ADC_ISR       		CODE           	2E1E	0000	50
		_ADC_ThresholdISR		CODE           	2F94	0000	4
		_ADC_ConversionResultGet		CODE           	2EF2	0000	22

mcc_generated_files/adc/src/adc.c estimated size: 298

mcc_generated_files/system/src/pins.c
		_PIN_MANAGER_Initialize		CODE           	28DC	0000	170
		_PIN_MANAGER_IOC		CODE           	2DEC	0000	50

mcc_generated_files/system/src/pins.c estimated size: 220

shared
		__initialization		CODE           	2C6C	0000	78
		_SPI1_Host     		SMALLCONST     	2601	0000	42
		_spi1_configuration		SMALLCONST     	262B	0000	15
		i2_TMR0_Start  		CODE           	2F8E	0000	6

shared estimated size: 141

mcc_generated_files/system/src/clock.c
		_CLOCK_Initialize		CODE           	2F08	0000	20

mcc_generated_files/system/src/clock.c estimated size: 20

mcc_generated_files/timer/src/tmr0.c
		_TMR0_DefaultCallback		CODE           	2F6C	0000	10
		_TMR0_ISR      		CODE           	2DBA	0000	50
		_TMR0_Initialize		CODE           	2E9C	0000	34
		_TMR0_Stop     		CODE           	2F82	0000	6
		_TMR0_Start    		CODE           	2F76	0000	6

mcc_generated_files/timer/src/tmr0.c estimated size: 106

main.c
		_main          		CODE           	2726	0000	226

main.c estimated size: 226

mcc_generated_files/system/src/system.c
		_SYSTEM_Initialize		CODE           	2EDC	0000	22

mcc_generated_files/system/src/system.c estimated size: 22

mcc_generated_files/spi/src/spi1.c
		_SPI1_TxCompleteCallbackRegister		CODE           	2F46	0000	14
		_SPI1_BufferExchange		CODE           	2C16	0000	86
		_SPI1_RxCompleteCallbackRegister		CODE           	2F54	0000	14
		_SPI1_Transmit_ISR		CODE           	2B60	0000	96
		_SPI1_ByteWrite		CODE           	2E50	0000	40
		_SPI1_Open     		CODE           	2808	0000	212
		_SPI1_BufferWrite		CODE           	2BC0	0000	86
		_SPI1_Initialize		CODE           	2D46	0000	60
		_SPI1_Receive_ISR		CODE           	2A9A	0000	102

mcc_generated_files/spi/src/spi1.c estimated size: 710

